 spirit

 Timestamp is 59e72954 (Wed Oct 18 11:13:40 2017)

 Preferred load address is 10000000

 Start         Length     Name                   Class
 0001:00000000 000f1d6cH .text                   CODE
 0002:00000000 0001d2a0H .rdata                  DATA
 0002:0001d2a0 0000551fH .edata                  DATA
 0003:00000000 00000004H .CRT$XCA                DATA
 0003:00000004 00000034H .CRT$XCU                DATA
 0003:00000038 00000004H .CRT$XCZ                DATA
 0003:0000003c 00000004H .CRT$XIA                DATA
 0003:00000040 0000000cH .CRT$XIC                DATA
 0003:0000004c 00000004H .CRT$XIZ                DATA
 0003:00000050 00000004H .CRT$XPA                DATA
 0003:00000054 00000004H .CRT$XPX                DATA
 0003:00000058 00000004H .CRT$XPZ                DATA
 0003:0000005c 00000004H .CRT$XTA                DATA
 0003:00000060 00000004H .CRT$XTZ                DATA
 0003:00000070 000271f4H .data                   DATA
 0003:00027268 00011f10H .bss                    DATA
 0004:00000000 00000014H .idata$2                DATA
 0004:00000014 00000014H .idata$3                DATA
 0004:00000028 00000130H .idata$4                DATA
 0004:00000158 00000130H .idata$5                DATA
 0004:00000288 00000548H .idata$6                DATA

  Address         Publics by Value              Rva+Base     Lib:Object

 0001:00000000       ?Save@CFlockingFlyerFlock@@UAEHAAVCSave@@@Z 10001000 f   aflock.obj
 0001:0000008f       ?Restore@CFlockingFlyerFlock@@UAEHAAVCRestore@@@Z 1000108f f   aflock.obj
 0001:000000c8       _monster_flyer             100010c8 f   aflock.obj
 0001:000000d9       _monster_flyer_flock       100010d9 f   aflock.obj
 0001:000000ea       ?Save@CFlockingFlyer@@UAEHAAVCSave@@@Z 100010ea f   aflock.obj
 0001:00000179       ?Restore@CFlockingFlyer@@UAEHAAVCRestore@@@Z 10001179 f   aflock.obj
 0001:000001b2       ?KeyValue@CFlockingFlyerFlock@@UAEXPAUKeyValueData_s@@@Z 100011b2 f   aflock.obj
 0001:00000235       ?Spawn@CFlockingFlyerFlock@@UAEXXZ 10001235 f   aflock.obj
 0001:0000026c       ?Precache@CFlockingFlyerFlock@@UAEXXZ 1000126c f   aflock.obj
 0001:0000028a       ?PrecacheFlockSounds@CFlockingFlyerFlock@@SAXXZ 1000128a f   aflock.obj
 0001:000002c7       ?SpawnFlock@CFlockingFlyerFlock@@QAEXXZ 100012c7 f   aflock.obj
 0001:00000480       ?Spawn@CFlockingFlyer@@UAEXXZ 10001480 f   aflock.obj
 0001:000004c8       ?Precache@CFlockingFlyer@@UAEXXZ 100014c8 f   aflock.obj
 0001:000004e6       ?MakeSound@CFlockingFlyer@@QAEXXZ 100014e6 f   aflock.obj
 0001:000005f1       ?Killed@CFlockingFlyer@@UAEXPAUentvars_s@@H@Z 100015f1 f   aflock.obj
 0001:000006dc       ?FallHack@CFlockingFlyer@@QAEXXZ 100016dc f   aflock.obj
 0001:00000773       ?SpawnCommonCode@CFlockingFlyer@@QAEXXZ 10001773 f   aflock.obj
 0001:0000085d       ?BoidAdvanceFrame@CFlockingFlyer@@QAEXXZ 1000185d f   aflock.obj
 0001:0000095e       ?IdleThink@CFlockingFlyer@@QAEXXZ 1000195e f   aflock.obj
 0001:000009c7       ?Start@CFlockingFlyer@@QAEXXZ 100019c7 f   aflock.obj
 0001:00000a34       ?FormFlock@CFlockingFlyer@@QAEXXZ 10001a34 f   aflock.obj
 0001:00000b1f       ?SpreadFlock@CFlockingFlyer@@QAEXXZ 10001b1f f   aflock.obj
 0001:00000c8f       ?SpreadFlock2@CFlockingFlyer@@QAEXXZ 10001c8f f   aflock.obj
 0001:00000d80       ?FPathBlocked@CFlockingFlyer@@QAEHXZ 10001d80 f   aflock.obj
 0001:00001092       ?FlockLeaderThink@CFlockingFlyer@@QAEXXZ 10002092 f   aflock.obj
 0001:00001565       ?FlockFollowerThink@CFlockingFlyer@@QAEXXZ 10002565 f   aflock.obj
 0001:000018f1       ?SquadUnlink@CFlockingFlyer@@QAEXXZ 100028f1 f   aflock.obj
 0001:00001916       ?SquadAdd@CFlockingFlyer@@QAEXPAV1@@Z 10002916 f   aflock.obj
 0001:0000194d       ?SquadRemove@CFlockingFlyer@@QAEXPAV1@@Z 1000294d f   aflock.obj
 0001:00001a1e       ?SquadCount@CFlockingFlyer@@QAEHXZ 10002a1e f   aflock.obj
 0001:00001a5e       ?SquadDisband@CFlockingFlyer@@QAEXXZ 10002a5e f   aflock.obj
 0001:00001aa0       ?IsLeader@CFlockingFlyer@@QAEHXZ 10002aa0 f i aflock.obj
 0001:00001ac0       ?InSquad@CFlockingFlyer@@QAEHXZ 10002ac0 f i aflock.obj
 0001:00001ae0       ??0Vector@@QAE@XZ          10002ae0 f i aflock.obj
 0001:00001af0       ??0Vector@@QAE@MMM@Z       10002af0 f i aflock.obj
 0001:00001b20       ??HVector@@QBE?AV0@ABV0@@Z 10002b20 f i aflock.obj
 0001:00001b80       ??0Vector@@QAE@ABV0@@Z     10002b80 f i aflock.obj
 0001:00001bc0       ??GVector@@QBE?AV0@ABV0@@Z 10002bc0 f i aflock.obj
 0001:00001c20       ??DVector@@QBE?AV0@M@Z     10002c20 f i aflock.obj
 0001:00001c70       ?Length@Vector@@QBEMXZ     10002c70 f i aflock.obj
 0001:00001cc0       ?Normalize@Vector@@QBE?AV1@XZ 10002cc0 f i aflock.obj
 0001:00001d50       ??0TraceResult@@QAE@XZ     10002d50 f i aflock.obj
 0001:00001d80       ?ENT@@YAPAUedict_s@@PBUentvars_s@@@Z 10002d80 f i aflock.obj
 0001:00001d90       ?FNullEnt@@YAHPBUedict_s@@@Z 10002d90 f i aflock.obj
 0001:00001dd0       ?OFFSET@@YAHPBUedict_s@@@Z 10002dd0 f i aflock.obj
 0001:00001df0       ?FNullEnt@@YAHH@Z          10002df0 f i aflock.obj
 0001:00001e00       ?FStrEq@@YAHPBD0@Z         10002e00 f i aflock.obj
 0001:00001e20       ?FClassnameIs@@YAHPAUedict_s@@PBD@Z 10002e20 f i aflock.obj
 0001:00001e50       ?VARS@@YAPAUentvars_s@@PAUedict_s@@@Z 10002e50 f i aflock.obj
 0001:00001e70       ?FClassnameIs@@YAHPAUentvars_s@@PBD@Z 10002e70 f i aflock.obj
 0001:00001ea0       ?EMIT_SOUND@@YAXPAUedict_s@@HPBDMM@Z 10002ea0 f i aflock.obj
 0001:00001ed0       ?GetClassPtr@@YAPAVCFlockingFlyer@@PAV1@@Z 10002ed0 f i aflock.obj
 0001:00001f60       ?GET_PRIVATE@@YAPAXPAUedict_s@@@Z 10002f60 f i aflock.obj
 0001:00001f80       ?GetClassPtr@@YAPAVCFlockingFlyerFlock@@PAV1@@Z 10002f80 f i aflock.obj
 0001:00002010       ??0CFlockingFlyer@@QAE@XZ  10003010 f i aflock.obj
 0001:00002050       ?DesiredAction@CBaseEntity@@UAEXXZ 10003050 f i aflock.obj
 0001:00002060       ?SetNextThink@CBaseEntity@@UAEXM@Z 10003060 f i aflock.obj
 0001:00002080       ?AbsoluteNextThink@CBaseEntity@@UAEXM@Z 10003080 f i aflock.obj
 0001:000020a0       ?CalcPosition@CBaseEntity@@UAE?AVVector@@PAV1@@Z 100030a0 f i aflock.obj
 0001:000020d0       ?CalcVelocity@CBaseEntity@@UAE?AVVector@@PAV1@@Z 100030d0 f i aflock.obj
 0001:00002100       ?IsAlias@CBaseEntity@@UAEHXZ 10003100 f i aflock.obj
 0001:00002110       ?ObjectCaps@CBaseEntity@@UAEHXZ 10003110 f i aflock.obj
 0001:00002150       ?PostSpawn@CBaseEntity@@UAEXXZ 10003150 f i aflock.obj
 0001:00002160       ?DeathNotice@CBaseEntity@@UAEXPAUentvars_s@@@Z 10003160 f i aflock.obj
 0001:00002170       ?GetState@CBaseEntity@@UAE?AW4STATE@@PAV1@@Z 10003170 f i aflock.obj
 0001:00002190       ?MySquadMonsterPointer@CBaseEntity@@UAEPAVCSquadMonster@@XZ 10003190 f i aflock.obj
 0001:000021a0       ?AddPoints@CBaseEntity@@UAEXHH@Z 100031a0 f i aflock.obj
 0001:000021b0       ?AddPointsToTeam@CBaseEntity@@UAEXHH@Z 100031b0 f i aflock.obj
 0001:000021c0       ?AddPlayerItem@CBaseEntity@@UAEHPAVCBasePlayerItem@@@Z 100031c0 f i aflock.obj
 0001:000021d0       ?RemovePlayerItem@CBaseEntity@@UAEHPAVCBasePlayerItem@@@Z 100031d0 f i aflock.obj
 0001:000021e0       ?GiveAmmo@CBaseEntity@@UAEHHPADH@Z 100031e0 f i aflock.obj
 0001:000021f0       ??0CFlockingFlyerFlock@@QAE@XZ 100031f0 f i aflock.obj
 0001:00002210       ??0CBaseMonster@@QAE@XZ    10003210 f i aflock.obj
 0001:000022a0       ?Spawn@CBaseEntity@@UAEXXZ 100032a0 f i aflock.obj
 0001:000022b0       ?Precache@CBaseEntity@@UAEXXZ 100032b0 f i aflock.obj
 0001:000022c0       ?OverrideReset@CBaseEntity@@UAEXXZ 100032c0 f i aflock.obj
 0001:000022d0       ?SetToggleState@CBaseEntity@@UAEXH@Z 100032d0 f i aflock.obj
 0001:000022e0       ?StartSneaking@CBaseEntity@@UAEXXZ 100032e0 f i aflock.obj
 0001:000022f0       ?StopSneaking@CBaseEntity@@UAEXXZ 100032f0 f i aflock.obj
 0001:00002300       ??0CBaseToggle@@QAE@XZ     10003300 f i aflock.obj
 0001:00002380       ?CalcRatio@CBaseEntity@@UAEMPAV1@H@Z 10003380 f i aflock.obj
 0001:000023a0       ?Classify@CBaseEntity@@UAEHXZ 100033a0 f i aflock.obj
 0001:000023b0       ?BloodColor@CBaseEntity@@UAEHXZ 100033b0 f i aflock.obj
 0001:000023c0       ?MyMonsterPointer@CBaseEntity@@UAEPAVCBaseMonster@@XZ 100033c0 f i aflock.obj
 0001:000023d0       ?IsMoving@CBaseEntity@@UAEHXZ 100033d0 f i aflock.obj
 0001:000023f0       ??9Vector@@QBEHABV0@@Z     100033f0 f i aflock.obj
 0001:00002410       ??8Vector@@QBEHABV0@@Z     10003410 f i aflock.obj
 0001:00002470       ?OnControls@CBaseEntity@@UAEHPAUentvars_s@@@Z 10003470 f i aflock.obj
 0001:00002480       ?IsSneaking@CBaseEntity@@UAEHXZ 10003480 f i aflock.obj
 0001:00002490       ?IsAlive@CBaseEntity@@UAEHXZ 10003490 f i aflock.obj
 0001:000024e0       ??_H@YGXPAXIHP6EX0@Z@Z     100034e0 f i aflock.obj
 0001:00002510       ?IsBSPModel@CBaseEntity@@UAEHXZ 10003510 f i aflock.obj
 0001:00002550       ??0WayPoint_t@@QAE@XZ      10003550 f i aflock.obj
 0001:00002570       ?ReflectGauss@CBaseEntity@@UAEHXZ 10003570 f i aflock.obj
 0001:000025c0       ??0CBaseAnimating@@QAE@XZ  100035c0 f i aflock.obj
 0001:000025e0       ?GetState@CBaseEntity@@UAE?AW4STATE@@XZ 100035e0 f i aflock.obj
 0001:000025f0       ?GetToggleState@CBaseEntity@@UAEHXZ 100035f0 f i aflock.obj
 0001:00002600       ?GetDelay@CBaseEntity@@UAEMXZ 10003600 f i aflock.obj
 0001:00002620       ??0CBaseDelay@@QAE@XZ      10003620 f i aflock.obj
 0001:00002640       ?HasTarget@CBaseEntity@@UAEHH@Z 10003640 f i aflock.obj
 0001:00002680       ??0CBaseEntity@@QAE@XZ     10003680 f i aflock.obj
 0001:000026d0       ?KeyValue@CBaseEntity@@UAEXPAUKeyValueData_s@@@Z 100036d0 f i aflock.obj
 0001:00002810       ?IsPlayer@CBaseEntity@@UAEHXZ 10003810 f i aflock.obj
 0001:00002820       ?IsNetClient@CBaseEntity@@UAEHXZ 10003820 f i aflock.obj
 0001:00002830       ?TeamID@CBaseEntity@@UAEPBDXZ 10003830 f i aflock.obj
 0001:00002840       ?Think@CBaseEntity@@UAEXXZ 10003840 f i aflock.obj
 0001:00002860       ?Touch@CBaseEntity@@UAEXPAV1@@Z 10003860 f i aflock.obj
 0001:00002890       ?Use@CBaseEntity@@UAEXPAV1@0W4USE_TYPE@@M@Z 10003890 f i aflock.obj
 0001:000028d0       ?Blocked@CBaseEntity@@UAEXPAV1@@Z 100038d0 f i aflock.obj
 0001:00002900       ??2CBaseEntity@@SAPAXIPAUentvars_s@@@Z 10003900 f i aflock.obj
 0001:00002920       ?SUB_CallUseToggle@CBaseEntity@@QAEXXZ 10003920 f i aflock.obj
 0001:00002950       ?Respawn@CBaseEntity@@UAEPAV1@XZ 10003950 f i aflock.obj
 0001:00002960       ?UpdateOwner@CBaseEntity@@UAEXXZ 10003960 f i aflock.obj
 0001:00002970       ?FBecomeProne@CBaseEntity@@UAEHXZ 10003970 f i aflock.obj
 0001:00002980       ?edict@CBaseEntity@@QAEPAUedict_s@@XZ 10003980 f i aflock.obj
 0001:000029a0       ?Center@CBaseEntity@@UAE?AVVector@@XZ 100039a0 f i aflock.obj
 0001:000029f0       ?EyePosition@CBaseEntity@@UAE?AVVector@@XZ 100039f0 f i aflock.obj
 0001:00002a30       ?EarPosition@CBaseEntity@@UAE?AVVector@@XZ 10003a30 f i aflock.obj
 0001:00002a70       ?BodyTarget@CBaseEntity@@UAE?AVVector@@ABV2@@Z 10003a70 f i aflock.obj
 0001:00002aa0       ?Illumination@CBaseEntity@@UAEHXZ 10003aa0 f i aflock.obj
 0001:00002ad0       ?HandleAnimEvent@CBaseAnimating@@UAEXPAUMonsterEvent_t@@@Z 10003ad0 f i aflock.obj
 0001:00002ae0       ?GetToggleState@CBaseToggle@@UAEHXZ 10003ae0 f i aflock.obj
 0001:00002b00       ?GetDelay@CBaseToggle@@UAEMXZ 10003b00 f i aflock.obj
 0001:00002b20       ?GetState@CBaseMonster@@UAE?AW4STATE@@XZ 10003b20 f i aflock.obj
 0001:00002b50       ?Classify@CBaseMonster@@UAEHXZ 10003b50 f i aflock.obj
 0001:00002b90       ?BloodColor@CBaseMonster@@UAEHXZ 10003b90 f i aflock.obj
 0001:00002bb0       ?MyMonsterPointer@CBaseMonster@@UAEPAV1@XZ 10003bb0 f i aflock.obj
 0001:00002bc0       ?IsAlive@CBaseMonster@@UAEHXZ 10003bc0 f i aflock.obj
 0001:00002be0       ?CallMonsterThink@CBaseMonster@@QAEXXZ 10003be0 f i aflock.obj
 0001:00002c00       ?GetStoppedActivity@CBaseMonster@@UAE?AW4Activity@@XZ 10003c00 f i aflock.obj
 0001:00002c10       ?Stop@CBaseMonster@@UAEXXZ 10003c10 f i aflock.obj
 0001:00002c40       ?ScheduleChange@CBaseMonster@@UAEXXZ 10003c40 f i aflock.obj
 0001:00002c50       ?CanPlaySentence@CBaseMonster@@UAEHH@Z 10003c50 f i aflock.obj
 0001:00002c70       ?SetYawSpeed@CBaseMonster@@UAEXXZ 10003c70 f i aflock.obj
 0001:00002c80       ?FValidateCover@CBaseMonster@@UAEHABVVector@@@Z 10003c80 f i aflock.obj
 0001:00002ca0       ?CoverRadius@CBaseMonster@@UAEMXZ 10003ca0 f i aflock.obj
 0001:00002cc0       ?CheckAmmo@CBaseMonster@@UAEXXZ 10003cc0 f i aflock.obj
 0001:00002cd0       ?HearingSensitivity@CBaseMonster@@UAEMXZ 10003cd0 f i aflock.obj
 0001:00002cf0       ?PrescheduleThink@CBaseMonster@@UAEXXZ 10003cf0 f i aflock.obj
 0001:00002d00       ?HasCustomGibs@CBaseMonster@@UAEHXZ 10003d00 f i aflock.obj
 0001:00002d10       ?BodyTarget@CBaseMonster@@UAE?AVVector@@ABV2@@Z 10003d10 f i aflock.obj
 0001:00002d80       ?IsMoving@CBaseMonster@@UAEHXZ 10003d80 f i aflock.obj
 0001:00002da0       ?DeathSound@CBaseMonster@@UAEXXZ 10003da0 f i aflock.obj
 0001:00002db0       ?AlertSound@CBaseMonster@@UAEXXZ 10003db0 f i aflock.obj
 0001:00002dc0       ?IdleSound@CBaseMonster@@UAEXXZ 10003dc0 f i aflock.obj
 0001:00002dd0       ?PainSound@CBaseMonster@@UAEXXZ 10003dd0 f i aflock.obj
 0001:00002de0       ?StopFollowing@CBaseMonster@@UAEXH@Z 10003de0 f i aflock.obj
 0001:00002df0       ?CalcRatio@CBaseMonster@@UAEMPAVCBaseEntity@@H@Z 10003df0 f i aflock.obj
 0001:00002e40       _monster_alien_grunt       10003e40 f   agrunt.obj
 0001:00002e51       ?Save@CAGrunt@@UAEHAAVCSave@@@Z 10003e51 f   agrunt.obj
 0001:00002ee0       ?Restore@CAGrunt@@UAEHAAVCRestore@@@Z 10003ee0 f   agrunt.obj
 0001:00002f19       ?IRelationship@CAGrunt@@UAEHPAVCBaseEntity@@@Z 10003f19 f   agrunt.obj
 0001:00002f51       ?ISoundMask@CAGrunt@@UAEHXZ 10003f51 f   agrunt.obj
 0001:00002f61       ?TraceAttack@CAGrunt@@UAEXPAUentvars_s@@MVVector@@PAUTraceResult@@H@Z 10003f61 f   agrunt.obj
 0001:00003191       ?StopTalking@CAGrunt@@QAEXXZ 10004191 f   agrunt.obj
 0001:000031df       ?ShouldSpeak@CAGrunt@@QAEHXZ 100041df f   agrunt.obj
 0001:00003244       ?PrescheduleThink@CAGrunt@@UAEXXZ 10004244 f   agrunt.obj
 0001:0000331d       ?DeathSound@CAGrunt@@UAEXXZ 1000431d f   agrunt.obj
 0001:00003369       ?AlertSound@CAGrunt@@UAEXXZ 10004369 f   agrunt.obj
 0001:000033b5       ?AttackSound@CAGrunt@@QAEXXZ 100043b5 f   agrunt.obj
 0001:00003401       ?PainSound@CAGrunt@@UAEXXZ 10004401 f   agrunt.obj
 0001:0000347e       ?Classify@CAGrunt@@UAEHXZ  1000447e f   agrunt.obj
 0001:000034af       ?SetYawSpeed@CAGrunt@@UAEXXZ 100044af f   agrunt.obj
 0001:000034f5       ?HandleAnimEvent@CAGrunt@@UAEXPAUMonsterEvent_t@@@Z 100044f5 f   agrunt.obj
 0001:00003db4       ?Spawn@CAGrunt@@UAEXXZ     10004db4 f   agrunt.obj
 0001:00003f8d       ?Precache@CAGrunt@@UAEXXZ  10004f8d f   agrunt.obj
 0001:0000414b       ?ScheduleFromName@CAGrunt@@UAEPAUSchedule_t@@PBD@Z 1000514b f   agrunt.obj
 0001:00004187       ?FCanCheckAttacks@CAGrunt@@UAEHXZ 10005187 f   agrunt.obj
 0001:000041ac       ?CheckMeleeAttack1@CAGrunt@@UAEHMM@Z 100051ac f   agrunt.obj
 0001:00004202       ?CheckRangeAttack1@CAGrunt@@UAEHMM@Z 10005202 f   agrunt.obj
 0001:000043ad       ?StartTask@CAGrunt@@UAEXPAUTask_t@@@Z 100053ad f   agrunt.obj
 0001:000048e4       ?GetSchedule@CAGrunt@@UAEPAUSchedule_t@@XZ 100058e4 f   agrunt.obj
 0001:00004a52       ?GetScheduleOfType@CAGrunt@@UAEPAUSchedule_t@@H@Z 10005a52 f   agrunt.obj
 0001:00004b32       ?Killed@CAGrunt@@UAEXPAUentvars_s@@H@Z 10005b32 f   agrunt.obj
 0001:00004bb0       ??BVector@@QAEPAMXZ        10005bb0 f i agrunt.obj
 0001:00004bc0       ?MESSAGE_BEGIN@@YAXHHPBMPAUedict_s@@@Z 10005bc0 f i agrunt.obj
 0001:00004be0       ?GetClassPtr@@YAPAVCAGrunt@@PAV1@@Z 10005be0 f i agrunt.obj
 0001:00004c70       ??0CAGrunt@@QAE@XZ         10005c70 f i agrunt.obj
 0001:00004c90       ?SetObjectCollisionBox@CAGrunt@@UAEXXZ 10005c90 f i agrunt.obj
 0001:00004d30       ??0CSquadMonster@@QAE@XZ   10005d30 f i agrunt.obj
 0001:00004d50       ?TaskComplete@CBaseMonster@@QAEXXZ 10005d50 f i agrunt.obj
 0001:00004d80       ?TaskFail@CBaseMonster@@QAEXXZ 10005d80 f i agrunt.obj
 0001:00004da0       ?SetConditions@CBaseMonster@@QAEXH@Z 10005da0 f i agrunt.obj
 0001:00004dd0       ?HasConditions@CBaseMonster@@QAEHH@Z 10005dd0 f i agrunt.obj
 0001:00004e00       ?Remember@CBaseMonster@@QAEXH@Z 10005e00 f i agrunt.obj
 0001:00004e30       ?MySquadMonsterPointer@CSquadMonster@@UAEPAV1@XZ 10005e30 f i agrunt.obj
 0001:00004e40       ?PreciseAttack@CCineMonster@@QAEHXZ 10005e40 f i agrunt.obj
 0001:00004ec0       ?FHaveSchedule@CBaseMonster@@QAEHXZ 10005ec0 f   AI_BaseNPC_Schedule.obj
 0001:00004ee0       ?ClearSchedule@CBaseMonster@@QAEXXZ 10005ee0 f   AI_BaseNPC_Schedule.obj
 0001:00004f12       ?FScheduleDone@CBaseMonster@@QAEHXZ 10005f12 f   AI_BaseNPC_Schedule.obj
 0001:00004f3d       ?ChangeSchedule@CBaseMonster@@QAEXPAUSchedule_t@@@Z 10005f3d f   AI_BaseNPC_Schedule.obj
 0001:00004ff5       ?NextScheduledTask@CBaseMonster@@QAEXXZ 10005ff5 f   AI_BaseNPC_Schedule.obj
 0001:0000503b       ?IScheduleFlags@CBaseMonster@@QAEHXZ 1000603b f   AI_BaseNPC_Schedule.obj
 0001:0000506b       ?FScheduleValid@CBaseMonster@@QAEHXZ 1000606b f   AI_BaseNPC_Schedule.obj
 0001:000050b2       ?MaintainSchedule@CBaseMonster@@QAEXXZ 100060b2 f   AI_BaseNPC_Schedule.obj
 0001:00005376       ?RunTask@CBaseMonster@@UAEXPAUTask_t@@@Z 10006376 f   AI_BaseNPC_Schedule.obj
 0001:00005ac7       ?SetTurnActivity@CBaseMonster@@QAEXXZ 10006ac7 f   AI_BaseNPC_Schedule.obj
 0001:00005b39       ?StartTask@CBaseMonster@@UAEXPAUTask_t@@@Z 10006b39 f   AI_BaseNPC_Schedule.obj
 0001:000077ce       ?GetTask@CBaseMonster@@QAEPAUTask_t@@XZ 100087ce f   AI_BaseNPC_Schedule.obj
 0001:00007817       ?GetSchedule@CBaseMonster@@UAEPAUSchedule_t@@XZ 10008817 f   AI_BaseNPC_Schedule.obj
 0001:00007c50       ??0Vector2D@@QAE@XZ        10008c50 f i AI_BaseNPC_Schedule.obj
 0001:00007c60       ?Normalize@Vector2D@@QBE?AV1@XZ 10008c60 f i AI_BaseNPC_Schedule.obj
 0001:00007cf0       ??0Vector2D@@QAE@MM@Z      10008cf0 f i AI_BaseNPC_Schedule.obj
 0001:00007d20       ?Length@Vector2D@@QBEMXZ   10008d20 f i AI_BaseNPC_Schedule.obj
 0001:00007d60       ?DotProduct@@YAMABVVector2D@@0@Z 10008d60 f i AI_BaseNPC_Schedule.obj
 0001:00007d80       ?Make2D@Vector@@QBE?AVVector2D@@XZ 10008d80 f i AI_BaseNPC_Schedule.obj
 0001:00007dc0       ?Length2D@Vector@@QBEMXZ   10008dc0 f i AI_BaseNPC_Schedule.obj
 0001:00007e00       ?StopAnimation@CBaseMonster@@QAEXXZ 10008e00 f i AI_BaseNPC_Schedule.obj
 0001:00007e20       ?TaskBegin@CBaseMonster@@QAEXXZ 10008e20 f i AI_BaseNPC_Schedule.obj
 0001:00007e40       ?TaskIsComplete@CBaseMonster@@QAEHXZ 10008e40 f i AI_BaseNPC_Schedule.obj
 0001:00007e60       ?MovementIsComplete@CBaseMonster@@QAEHXZ 10008e60 f i AI_BaseNPC_Schedule.obj
 0001:00007e80       ?Forget@CBaseMonster@@QAEXH@Z 10008e80 f i AI_BaseNPC_Schedule.obj
 0001:00007eb0       ?ClearConditions@CBaseMonster@@QAEXH@Z 10008eb0 f i AI_BaseNPC_Schedule.obj
 0001:00007ee0       ?HasMemory@CBaseMonster@@QAEHH@Z 10008ee0 f i AI_BaseNPC_Schedule.obj
 0001:00007f10       ?IsAction@CCineMonster@@QAEHXZ 10008f10 f i AI_BaseNPC_Schedule.obj
 0001:00007f30       _item_airtank              10008f30 f   airtank.obj
 0001:00007f41       ?Save@CAirtank@@EAEHAAVCSave@@@Z 10008f41 f   airtank.obj
 0001:00007fd0       ?Restore@CAirtank@@EAEHAAVCRestore@@@Z 10008fd0 f   airtank.obj
 0001:00008009       ?Spawn@CAirtank@@EAEXXZ    10009009 f   airtank.obj
 0001:0000811f       ?Precache@CAirtank@@EAEXXZ 1000911f f   airtank.obj
 0001:00008146       ?Killed@CAirtank@@EAEXPAUentvars_s@@H@Z 10009146 f   airtank.obj
 0001:000081a7       ?TankThink@CAirtank@@AAEXXZ 100091a7 f   airtank.obj
 0001:000081cf       ?TankTouch@CAirtank@@AAEXPAVCBaseEntity@@@Z 100091cf f   airtank.obj
 0001:000082a0       ?GetClassPtr@@YAPAVCAirtank@@PAV1@@Z 100092a0 f i airtank.obj
 0001:00008330       ??0CAirtank@@QAE@XZ        10009330 f i airtank.obj
 0001:00008350       ?BloodColor@CAirtank@@EAEHXZ 10009350 f i airtank.obj
 0001:00008360       ??0CGrenade@@QAE@XZ        10009360 f i airtank.obj
 0001:00008380       ?BloodColor@CGrenade@@UAEHXZ 10009380 f i airtank.obj
 0001:00008390       ?Save@CBaseAlias@@UAEHAAVCSave@@@Z 10009390 f   alias.obj
 0001:0000841f       ?Restore@CBaseAlias@@UAEHAAVCRestore@@@Z 1000941f f   alias.obj
 0001:00008458       _info_alias                10009458 f   alias.obj
 0001:00008469       ?Save@CInfoAlias@@UAEHAAVCSave@@@Z 10009469 f   alias.obj
 0001:000084f8       ?Restore@CInfoAlias@@UAEHAAVCRestore@@@Z 100094f8 f   alias.obj
 0001:00008531       ?KeyValue@CInfoAlias@@UAEXPAUKeyValueData_s@@@Z 10009531 f   alias.obj
 0001:00008779       ?Spawn@CInfoAlias@@UAEXXZ  10009779 f   alias.obj
 0001:000088b0       ?Use@CInfoAlias@@UAEXPAVCBaseEntity@@0W4USE_TYPE@@M@Z 100098b0 f   alias.obj
 0001:00008aee       ?FollowAlias@CInfoAlias@@UAEPAVCBaseEntity@@PAV2@@Z 10009aee f   alias.obj
 0001:00008bfa       ?ChangeValue@CInfoAlias@@UAEXH@Z 10009bfa f   alias.obj
 0001:00008c22       ?FlushChanges@CInfoAlias@@UAEXXZ 10009c22 f   alias.obj
 0001:00008c9a       _info_group                10009c9a f   alias.obj
 0001:00008cab       ?Save@CInfoGroup@@UAEHAAVCSave@@@Z 10009cab f   alias.obj
 0001:00008d3a       ?Restore@CInfoGroup@@UAEHAAVCRestore@@@Z 10009d3a f   alias.obj
 0001:00008d73       ?KeyValue@CInfoGroup@@UAEXPAUKeyValueData_s@@@Z 10009d73 f   alias.obj
 0001:00008e94       ?Use@CInfoGroup@@UAEXPAVCBaseEntity@@0W4USE_TYPE@@M@Z 10009e94 f   alias.obj
 0001:00008fb0       ?GetMember@CInfoGroup@@QAEHPBD@Z 10009fb0 f   alias.obj
 0001:000090bc       _multi_alias               1000a0bc f   alias.obj
 0001:000090cd       ?Save@CMultiAlias@@UAEHAAVCSave@@@Z 1000a0cd f   alias.obj
 0001:0000915c       ?Restore@CMultiAlias@@UAEHAAVCRestore@@@Z 1000a15c f   alias.obj
 0001:00009195       ?KeyValue@CMultiAlias@@UAEXPAUKeyValueData_s@@@Z 1000a195 f   alias.obj
 0001:000092e6       ?FollowAlias@CMultiAlias@@UAEPAVCBaseEntity@@PAV2@@Z 1000a2e6 f   alias.obj
 0001:000094b5       _trigger_changealias       1000a4b5 f   alias.obj
 0001:000094c6       ?Spawn@CTriggerChangeAlias@@UAEXXZ 1000a4c6 f   alias.obj
 0001:000094d1       ?Use@CTriggerChangeAlias@@UAEXPAVCBaseEntity@@0W4USE_TYPE@@M@Z 1000a4d1 f   alias.obj
 0001:00009610       ?GetClassPtr@@YAPAVCInfoAlias@@PAV1@@Z 1000a610 f i alias.obj
 0001:000096a0       ?OFFSET@@YAHPAUentvars_s@@@Z 1000a6a0 f i alias.obj
 0001:000096c0       ?GetClassPtr@@YAPAVCInfoGroup@@PAV1@@Z 1000a6c0 f i alias.obj
 0001:00009750       ?GetClassPtr@@YAPAVCMultiAlias@@PAV1@@Z 1000a750 f i alias.obj
 0001:000097e0       ?GetClassPtr@@YAPAVCTriggerChangeAlias@@PAV1@@Z 1000a7e0 f i alias.obj
 0001:00009870       ??0CInfoAlias@@QAE@XZ      1000a870 f i alias.obj
 0001:00009890       ?GetState@CInfoAlias@@UAE?AW4STATE@@XZ 1000a890 f i alias.obj
 0001:000098c0       ??0CInfoGroup@@QAE@XZ      1000a8c0 f i alias.obj
 0001:000098e0       ??0CMultiAlias@@QAE@XZ     1000a8e0 f i alias.obj
 0001:00009900       ??0CTriggerChangeAlias@@QAE@XZ 1000a900 f i alias.obj
 0001:00009920       ?ObjectCaps@CTriggerChangeAlias@@UAEHXZ 1000a920 f i alias.obj
 0001:00009940       ??0CBaseAlias@@QAE@XZ      1000a940 f i alias.obj
 0001:00009960       ??0CPointEntity@@QAE@XZ    1000a960 f i alias.obj
 0001:00009980       ?ObjectCaps@CPointEntity@@UAEHXZ 1000a980 f i alias.obj
 0001:000099a0       ?IsAlias@CBaseAlias@@UAEHXZ 1000a9a0 f i alias.obj
 0001:000099b0       ?FollowAlias@CBaseAlias@@UAEPAVCBaseEntity@@PAV2@@Z 1000a9b0 f i alias.obj
 0001:000099c0       ?ChangeValue@CBaseAlias@@UAEXH@Z 1000a9c0 f i alias.obj
 0001:00009a00       ?ChangeValue@CBaseAlias@@UAEXPAVCBaseEntity@@@Z 1000aa00 f i alias.obj
 0001:00009a30       ?FlushChanges@CBaseAlias@@UAEXXZ 1000aa30 f i alias.obj
 0001:00009a40       ?Save@CBaseAnimating@@UAEHAAVCSave@@@Z 1000aa40 f   animating.obj
 0001:00009acf       ?Restore@CBaseAnimating@@UAEHAAVCRestore@@@Z 1000aacf f   animating.obj
 0001:00009b08       ?StudioFrameAdvance@CBaseAnimating@@QAEMM@Z 1000ab08 f   animating.obj
 0001:00009c9a       ?LookupActivity@CBaseAnimating@@QAEHH@Z 1000ac9a f   animating.obj
 0001:00009cdc       ?LookupActivityHeaviest@CBaseAnimating@@QAEHH@Z 1000acdc f   animating.obj
 0001:00009d1e       ?LookupSequence@CBaseAnimating@@QAEHPBD@Z 1000ad1e f   animating.obj
 0001:00009d59       ?ResetSequenceInfo@CBaseAnimating@@QAEXXZ 1000ad59 f   animating.obj
 0001:00009e04       ?GetSequenceFlags@CBaseAnimating@@QAEHXZ 1000ae04 f   animating.obj
 0001:00009e40       ?DispatchAnimEvents@CBaseAnimating@@QAEXM@Z 1000ae40 f   animating.obj
 0001:00009f86       ?SetBoneController@CBaseAnimating@@QAEMHM@Z 1000af86 f   animating.obj
 0001:00009fcc       ?InitBoneControllers@CBaseAnimating@@QAEXXZ 1000afcc f   animating.obj
 0001:0000a059       ?SetBlending@CBaseAnimating@@QAEMHM@Z 1000b059 f   animating.obj
 0001:0000a09f       ?GetBonePosition@CBaseAnimating@@QAEXHAAVVector@@0@Z 1000b09f f   animating.obj
 0001:0000a0db       ?GetAttachment@CBaseAnimating@@QAEXHAAVVector@@0@Z 1000b0db f   animating.obj
 0001:0000a117       ?FindTransition@CBaseAnimating@@QAEHHHPAH@Z 1000b117 f   animating.obj
 0001:0000a18b       ?GetAutomovement@CBaseAnimating@@QAEXAAVVector@@0M@Z 1000b18b f   animating.obj
 0001:0000a198       ?SetBodygroup@CBaseAnimating@@QAEXHH@Z 1000b198 f   animating.obj
 0001:0000a1d6       ?GetBodygroup@CBaseAnimating@@QAEHH@Z 1000b1d6 f   animating.obj
 0001:0000a210       ?GetBoneCount@CBaseAnimating@@QAEHXZ 1000b210 f   animating.obj
 0001:0000a23d       ?SetBones@CBaseAnimating@@QAEXPAY02MH@Z 1000b23d f   animating.obj
 0001:0000a274       ?ExtractBbox@CBaseAnimating@@QAEHHPAM0@Z 1000b274 f   animating.obj
 0001:0000a2af       ?SetSequenceBox@CBaseAnimating@@QAEXXZ 1000b2af f   animating.obj
 0001:0000a570       ?ExtractBbox@@YAHPAXHPAM1@Z 1000b570 f   animation.obj
 0001:0000a623       ?LookupActivity@@YAHPAXPAUentvars_s@@H@Z 1000b623 f   animation.obj
 0001:0000a6dd       ?LookupActivityHeaviest@@YAHPAXPAUentvars_s@@H@Z 1000b6dd f   animation.obj
 0001:0000a77f       ?GetEyePosition@@YAXPAXPAM@Z 1000b77f f   animation.obj
 0001:0000a7c8       ?LookupSequence@@YAHPAXPBD@Z 1000b7c8 f   animation.obj
 0001:0000a83a       ?IsSoundEvent@@YAHH@Z      1000b83a f   animation.obj
 0001:0000a85a       ?SequencePrecache@@YAXPAXPBD@Z 1000b85a f   animation.obj
 0001:0000a99f       ?GetSequenceInfo@@YAXPAXPAUentvars_s@@PAM2@Z 1000b99f f   animation.obj
 0001:0000aa9c       ?GetSequenceFlags@@YAHPAXPAUentvars_s@@@Z 1000ba9c f   animation.obj
 0001:0000aaf0       ?GetAnimationEvent@@YAHPAXPAUentvars_s@@PAUMonsterEvent_t@@MMH@Z 1000baf0 f   animation.obj
 0001:0000aca1       ?SetController@@YAMPAXPAUentvars_s@@HM@Z 1000bca1 f   animation.obj
 0001:0000aea9       ?SetBlending@@YAMPAXPAUentvars_s@@HM@Z 1000bea9 f   animation.obj
 0001:0000b082       ?FindTransition@@YAHPAXHHPAH@Z 1000c082 f   animation.obj
 0001:0000b25c       ?SetBodygroup@@YAXPAXPAUentvars_s@@HH@Z 1000c25c f   animation.obj
 0001:0000b2ec       ?GetBodygroup@@YAHPAXPAUentvars_s@@H@Z 1000c2ec f   animation.obj
 0001:0000b35b       ?GetBoneCount@@YAHPAX@Z    1000c35b f   animation.obj
 0001:0000b38c       ?SetBones@@YAXPAXPAY02MH@Z 1000c38c f   animation.obj
 0001:0000b450       _monster_apache            1000c450 f   apache.obj
 0001:0000b461       ?Save@CApache@@EAEHAAVCSave@@@Z 1000c461 f   apache.obj
 0001:0000b4f0       ?Restore@CApache@@EAEHAAVCRestore@@@Z 1000c4f0 f   apache.obj
 0001:0000b529       ?Spawn@CApache@@EAEXXZ     1000c529 f   apache.obj
 0001:0000b70d       ?Precache@CApache@@EAEXXZ  1000c70d f   apache.obj
 0001:0000b80d       ?NullThink@CApache@@AAEXXZ 1000c80d f   apache.obj
 0001:0000b834       ?StartupUse@CApache@@AAEXPAVCBaseEntity@@0W4USE_TYPE@@M@Z 1000c834 f   apache.obj
 0001:0000b875       ?Killed@CApache@@EAEXPAUentvars_s@@H@Z 1000c875 f   apache.obj
 0001:0000b988       ?DyingThink@CApache@@AAEXXZ 1000c988 f   apache.obj
 0001:0000c2f4       ?FlyTouch@CApache@@AAEXPAVCBaseEntity@@@Z 1000d2f4 f   apache.obj
 0001:0000c389       ?CrashTouch@CApache@@AAEXPAVCBaseEntity@@@Z 1000d389 f   apache.obj
 0001:0000c3d0       ?GibMonster@CApache@@EAEXXZ 1000d3d0 f   apache.obj
 0001:0000c3db       ?HuntThink@CApache@@AAEXXZ 1000d3db f   apache.obj
 0001:0000cd06       ?Flight@CApache@@AAEXXZ    1000dd06 f   apache.obj
 0001:0000d686       ?FireRocket@CApache@@AAEXXZ 1000e686 f   apache.obj
 0001:0000d9b6       ?FireGun@CApache@@AAEHXZ   1000e9b6 f   apache.obj
 0001:0000de34       ?ShowDamage@CApache@@AAEXXZ 1000ee34 f   apache.obj
 0001:0000df3e       ?TakeDamage@CApache@@EAEHPAUentvars_s@@0MH@Z 1000ef3e f   apache.obj
 0001:0000df8c       ?TraceAttack@CApache@@EAEXPAUentvars_s@@MVVector@@PAUTraceResult@@H@Z 1000ef8c f   apache.obj
 0001:0000e01e       _hvr_rocket                1000f01e f   apache.obj
 0001:0000e02f       ?Save@CApacheHVR@@EAEHAAVCSave@@@Z 1000f02f f   apache.obj
 0001:0000e0be       ?Restore@CApacheHVR@@EAEHAAVCRestore@@@Z 1000f0be f   apache.obj
 0001:0000e0f7       ?Spawn@CApacheHVR@@EAEXXZ  1000f0f7 f   apache.obj
 0001:0000e20a       ?Precache@CApacheHVR@@EAEXXZ 1000f20a f   apache.obj
 0001:0000e248       ?IgniteThink@CApacheHVR@@AAEXXZ 1000f248 f   apache.obj
 0001:0000e345       ?AccelerateThink@CApacheHVR@@AAEXXZ 1000f345 f   apache.obj
 0001:0000e490       ??0TraceResult@@QAE@ABU0@@Z 1000f490 f i apache.obj
 0001:0000e530       ?DotProduct@@YAMABVVector@@0@Z 1000f530 f i apache.obj
 0001:0000e560       ?FStringNull@@YAHH@Z       1000f560 f i apache.obj
 0001:0000e570       ?STOP_SOUND@@YAXPAUedict_s@@HPBD@Z 1000f570 f i apache.obj
 0001:0000e5a0       ??D@YA?AVVector@@MABV0@@Z  1000f5a0 f i apache.obj
 0001:0000e5d0       ?entindex@CBaseEntity@@QAEHXZ 1000f5d0 f i apache.obj
 0001:0000e5f0       ?ENTINDEX@@YAHPAUedict_s@@@Z 1000f5f0 f i apache.obj
 0001:0000e610       ?GetClassPtr@@YAPAVCApache@@PAV1@@Z 1000f610 f i apache.obj
 0001:0000e6a0       ?GetClassPtr@@YAPAVCApacheHVR@@PAV1@@Z 1000f6a0 f i apache.obj
 0001:0000e730       ??0CApache@@QAE@XZ         1000f730 f i apache.obj
 0001:0000e7b0       ?Classify@CApache@@EAEHXZ  1000f7b0 f i apache.obj
 0001:0000e7c0       ?BloodColor@CApache@@EAEHXZ 1000f7c0 f i apache.obj
 0001:0000e7d0       ?SetObjectCollisionBox@CApache@@EAEXXZ 1000f7d0 f i apache.obj
 0001:0000e870       ??0CApacheHVR@@QAE@XZ      1000f870 f i apache.obj
 0001:0000e8a0       _monster_barnacle          1000f8a0 f   barnacle.obj
 0001:0000e8b1       ?Save@CBarnacle@@UAEHAAVCSave@@@Z 1000f8b1 f   barnacle.obj
 0001:0000e940       ?Restore@CBarnacle@@UAEHAAVCRestore@@@Z 1000f940 f   barnacle.obj
 0001:0000e979       ?Classify@CBarnacle@@UAEHXZ 1000f979 f   barnacle.obj
 0001:0000e9aa       ?HandleAnimEvent@CBarnacle@@UAEXPAUMonsterEvent_t@@@Z 1000f9aa f   barnacle.obj
 0001:0000e9ea       ?Spawn@CBarnacle@@UAEXXZ   1000f9ea f   barnacle.obj
 0001:0000eb92       ?TakeDamage@CBarnacle@@UAEHPAUentvars_s@@0MH@Z 1000fb92 f   barnacle.obj
 0001:0000ebd2       ?BarnacleThink@CBarnacle@@QAEXXZ 1000fbd2 f   barnacle.obj
 0001:0000f332       ?Killed@CBarnacle@@UAEXPAUentvars_s@@H@Z 10010332 f   barnacle.obj
 0001:0000f45f       ?WaitTillDead@CBarnacle@@QAEXXZ 1001045f f   barnacle.obj
 0001:0000f4b6       ?Precache@CBarnacle@@UAEXXZ 100104b6 f   barnacle.obj
 0001:0000f564       ?TongueTouchEnt@CBarnacle@@QAEPAVCBaseEntity@@PAM@Z 10010564 f   barnacle.obj
 0001:0000f740       ?GetClassPtr@@YAPAVCBarnacle@@PAV1@@Z 10010740 f i barnacle.obj
 0001:0000f7d0       ??0CBarnacle@@QAE@XZ       100107d0 f i barnacle.obj
 0001:0000f7f0       _monster_barney            100107f0 f   barney.obj
 0001:0000f801       ?Save@CBarney@@UAEHAAVCSave@@@Z 10010801 f   barney.obj
 0001:0000f890       ?Restore@CBarney@@UAEHAAVCRestore@@@Z 10010890 f   barney.obj
 0001:0000f8c9       ?ScheduleFromName@CBarney@@UAEPAUSchedule_t@@PBD@Z 100108c9 f   barney.obj
 0001:0000f905       ?StartTask@CBarney@@UAEXPAUTask_t@@@Z 10010905 f   barney.obj
 0001:0000f91e       ?RunTask@CBarney@@UAEXPAUTask_t@@@Z 1001091e f   barney.obj
 0001:0000f99c       ?ISoundMask@CBarney@@UAEHXZ 1001099c f   barney.obj
 0001:0000f9ac       ?Classify@CBarney@@UAEHXZ  100109ac f   barney.obj
 0001:0000f9dd       ?AlertSound@CBarney@@UAEXXZ 100109dd f   barney.obj
 0001:0000fab6       ?SetYawSpeed@CBarney@@UAEXXZ 10010ab6 f   barney.obj
 0001:0000fb1b       ?CheckRangeAttack1@CBarney@@UAEHMM@Z 10010b1b f   barney.obj
 0001:0000fcc9       ?BarneyFirePistol@CBarney@@QAEXXZ 10010cc9 f   barney.obj
 0001:00010000       ?HandleAnimEvent@CBarney@@UAEXPAUMonsterEvent_t@@@Z 10011000 f   barney.obj
 0001:0001008c       ?Spawn@CBarney@@UAEXXZ     1001108c f   barney.obj
 0001:0001023e       ?Precache@CBarney@@UAEXXZ  1001123e f   barney.obj
 0001:0001030a       ?TalkInit@CBarney@@QAEXXZ  1001130a f   barney.obj
 0001:0001049f       ?TakeDamage@CBarney@@UAEHPAUentvars_s@@0MH@Z 1001149f f   barney.obj
 0001:00010830       ?PainSound@CBarney@@UAEXXZ 10011830 f   barney.obj
 0001:00010944       ?DeathSound@CBarney@@UAEXXZ 10011944 f   barney.obj
 0001:00010a18       ?TraceAttack@CBarney@@UAEXPAUentvars_s@@MVVector@@PAUTraceResult@@H@Z 10011a18 f   barney.obj
 0001:00010acf       ?Killed@CBarney@@UAEXPAUentvars_s@@H@Z 10011acf f   barney.obj
 0001:00010bb7       ?GetScheduleOfType@CBarney@@UAEPAUSchedule_t@@H@Z 10011bb7 f   barney.obj
 0001:00010c94       ?GetSchedule@CBarney@@UAEPAUSchedule_t@@XZ 10011c94 f   barney.obj
 0001:00010f41       ?GetIdealState@CBarney@@UAE?AW4MONSTERSTATE@@XZ 10011f41 f   barney.obj
 0001:00010f54       ?DeclineFollowing@CBarney@@UAEXXZ 10011f54 f   barney.obj
 0001:00010f86       ?KeyValue@CDeadBarney@@UAEXPAUKeyValueData_s@@@Z 10011f86 f   barney.obj
 0001:00010fdb       _monster_barney_dead       10011fdb f   barney.obj
 0001:00010fec       ?Spawn@CDeadBarney@@UAEXXZ 10011fec f   barney.obj
 0001:000110d0       ?Instance@CBaseEntity@@SAPAV1@PAUedict_s@@@Z 100120d0 f i barney.obj
 0001:00011100       ?ENT@@YAPAUedict_s@@H@Z    10012100 f i barney.obj
 0001:00011120       ?UTIL_MakeVectorsPrivate@@YAXABVVector@@PAM11@Z 10012120 f i barney.obj
 0001:00011150       ??BVector@@QBEPBMXZ        10012150 f i barney.obj
 0001:00011160       ?IsFollowing@CTalkMonster@@QAEHXZ 10012160 f i barney.obj
 0001:000111c0       ?GetClassPtr@@YAPAVCBarney@@PAV1@@Z 100121c0 f i barney.obj
 0001:00011250       ?GetClassPtr@@YAPAVCDeadBarney@@PAV1@@Z 10012250 f i barney.obj
 0001:000112e0       ??0CBarney@@QAE@XZ         100122e0 f i barney.obj
 0001:00011300       ?FriendNumber@CTalkMonster@@UAEHH@Z 10012300 f i barney.obj
 0001:00011310       ?ObjectCaps@CBarney@@UAEHXZ 10012310 f i barney.obj
 0001:00011330       ??0CDeadBarney@@QAE@XZ     10012330 f i barney.obj
 0001:00011350       ?Classify@CDeadBarney@@UAEHXZ 10012350 f i barney.obj
 0001:00011360       ??0CTalkMonster@@QAE@XZ    10012360 f i barney.obj
 0001:00011380       ?DeclineFollowing@CTalkMonster@@UAEXXZ 10012380 f i barney.obj
 0001:00011390       _info_bigmomma             10012390 f   bigmomma.obj
 0001:000113a1       ?Save@CInfoBM@@UAEHAAVCSave@@@Z 100123a1 f   bigmomma.obj
 0001:00011430       ?Restore@CInfoBM@@UAEHAAVCRestore@@@Z 10012430 f   bigmomma.obj
 0001:00011469       ?Spawn@CInfoBM@@UAEXXZ     10012469 f   bigmomma.obj
 0001:00011474       ?KeyValue@CInfoBM@@UAEXPAUKeyValueData_s@@@Z 10012474 f   bigmomma.obj
 0001:000115d9       _bmortar                   100125d9 f   bigmomma.obj
 0001:000115ea       ?Save@CBMortar@@UAEHAAVCSave@@@Z 100125ea f   bigmomma.obj
 0001:00011679       ?Restore@CBMortar@@UAEHAAVCRestore@@@Z 10012679 f   bigmomma.obj
 0001:000116b2       _monster_bigmomma          100126b2 f   bigmomma.obj
 0001:000116c3       ?Save@CBigMomma@@UAEHAAVCSave@@@Z 100126c3 f   bigmomma.obj
 0001:00011752       ?Restore@CBigMomma@@UAEHAAVCRestore@@@Z 10012752 f   bigmomma.obj
 0001:0001178b       ?KeyValue@CBigMomma@@UAEXPAUKeyValueData_s@@@Z 1001278b f   bigmomma.obj
 0001:000117a4       ?Classify@CBigMomma@@UAEHXZ 100127a4 f   bigmomma.obj
 0001:000117d5       ?SetYawSpeed@CBigMomma@@UAEXXZ 100127d5 f   bigmomma.obj
 0001:00011815       ?HandleAnimEvent@CBigMomma@@UAEXPAUMonsterEvent_t@@@Z 10012815 f   bigmomma.obj
 0001:0001207f       ?TraceAttack@CBigMomma@@UAEXPAUentvars_s@@MVVector@@PAUTraceResult@@H@Z 1001307f f   bigmomma.obj
 0001:000121b2       ?TakeDamage@CBigMomma@@UAEHPAUentvars_s@@0MH@Z 100131b2 f   bigmomma.obj
 0001:00012240       ?LayHeadcrab@CBigMomma@@QAEXXZ 10013240 f   bigmomma.obj
 0001:000123c1       ?DeathNotice@CBigMomma@@UAEXPAUentvars_s@@@Z 100133c1 f   bigmomma.obj
 0001:0001244a       ?LaunchMortar@CBigMomma@@QAEXXZ 1001344a f   bigmomma.obj
 0001:00012617       ?Spawn@CBigMomma@@UAEXXZ   10013617 f   bigmomma.obj
 0001:0001277f       ?Precache@CBigMomma@@UAEXXZ 1001377f f   bigmomma.obj
 0001:000129d6       ?Activate@CBigMomma@@UAEXXZ 100139d6 f   bigmomma.obj
 0001:00012a08       ?NodeStart@CBigMomma@@QAEXH@Z 10013a08 f   bigmomma.obj
 0001:00012abf       ?NodeReach@CBigMomma@@QAEXXZ 10013abf f   bigmomma.obj
 0001:00012bdc       ?CheckMeleeAttack1@CBigMomma@@UAEHMM@Z 10013bdc f   bigmomma.obj
 0001:00012c12       ?CheckMeleeAttack2@CBigMomma@@UAEHMM@Z 10013c12 f   bigmomma.obj
 0001:00012c27       ?CheckRangeAttack1@CBigMomma@@UAEHMM@Z 10013c27 f   bigmomma.obj
 0001:00012d2c       ?ScheduleFromName@CBigMomma@@UAEPAUSchedule_t@@PBD@Z 10013d2c f   bigmomma.obj
 0001:00012d68       ?GetScheduleOfType@CBigMomma@@UAEPAUSchedule_t@@H@Z 10013d68 f   bigmomma.obj
 0001:00012da5       ?ShouldGoToNode@CBigMomma@@QAEHXZ 10013da5 f   bigmomma.obj
 0001:00012de2       ?SetActivity@CBigMomma@@UAEXW4Activity@@@Z 10013de2 f   bigmomma.obj
 0001:00012eec       ?GetSchedule@CBigMomma@@UAEPAUSchedule_t@@XZ 10013eec f   bigmomma.obj
 0001:00012f1d       ?StartTask@CBigMomma@@UAEXPAUTask_t@@@Z 10013f1d f   bigmomma.obj
 0001:0001339d       ?RunTask@CBigMomma@@UAEXPAUTask_t@@@Z 1001439d f   bigmomma.obj
 0001:00013500       ?VecCheckSplatToss@@YA?AVVector@@PAUentvars_s@@ABV1@V1@M@Z 10014500 f   bigmomma.obj
 0001:000136ee       ?MortarSpray@@YAXABVVector@@0HH@Z 100146ee f   bigmomma.obj
 0001:000137ac       ?Spawn@CBMortar@@UAEXXZ    100147ac f   bigmomma.obj
 0001:000138c9       ?Animate@CBMortar@@QAEXXZ  100148c9 f   bigmomma.obj
 0001:000139b8       ?Shoot@CBMortar@@SAPAV1@PAUedict_s@@VVector@@1@Z 100149b8 f   bigmomma.obj
 0001:00013a3e       ?Touch@CBMortar@@UAEXPAVCBaseEntity@@@Z 10014a3e f   bigmomma.obj
 0001:00013c70       ?FIND_ENTITY_BY_TARGETNAME@@YAPAUedict_s@@PAU1@PBD@Z 10014c70 f i bigmomma.obj
 0001:00013c90       ?CanLayCrab@CBigMomma@@QAEHXZ 10014c90 f i bigmomma.obj
 0001:00013d80       ?GetNodeSequence@CBigMomma@@QAEHXZ 10014d80 f i bigmomma.obj
 0001:00013dc0       ?GetNodePresequence@CBigMomma@@QAEHXZ 10014dc0 f i bigmomma.obj
 0001:00013e00       ?GetNodeDelay@CBigMomma@@QAEMXZ 10014e00 f i bigmomma.obj
 0001:00013e40       ?GetNodeRange@CBigMomma@@QAEMXZ 10014e40 f i bigmomma.obj
 0001:00013e80       ?GetNodeYaw@CBigMomma@@QAEMXZ 10014e80 f i bigmomma.obj
 0001:00013ed0       ??GVector@@QBE?AV0@XZ      10014ed0 f i bigmomma.obj
 0001:00013f20       ?GetClassPtr@@YAPAVCInfoBM@@PAV1@@Z 10014f20 f i bigmomma.obj
 0001:00013fb0       ?GetClassPtr@@YAPAVCBMortar@@PAV1@@Z 10014fb0 f i bigmomma.obj
 0001:00014040       ?GetClassPtr@@YAPAVCBigMomma@@PAV1@@Z 10015040 f i bigmomma.obj
 0001:000140d0       ??0CInfoBM@@QAE@XZ         100150d0 f i bigmomma.obj
 0001:000140f0       ??0CBMortar@@QAE@XZ        100150f0 f i bigmomma.obj
 0001:00014110       ??0CBigMomma@@QAE@XZ       10015110 f i bigmomma.obj
 0001:00014130       ?OverrideReset@CBigMomma@@UAEXXZ 10015130 f i bigmomma.obj
 0001:00014150       ?SetObjectCollisionBox@CBigMomma@@UAEXXZ 10015150 f i bigmomma.obj
 0001:000141f0       _monster_bloater           100151f0 f   bloater.obj
 0001:00014201       ?Classify@CBloater@@UAEHXZ 10015201 f   bloater.obj
 0001:00014232       ?SetYawSpeed@CBloater@@UAEXXZ 10015232 f   bloater.obj
 0001:00014255       ?TakeDamage@CBloater@@UAEHPAUentvars_s@@0MH@Z 10015255 f   bloater.obj
 0001:00014288       ?PainSound@CBloater@@UAEXXZ 10015288 f   bloater.obj
 0001:00014293       ?AlertSound@CBloater@@UAEXXZ 10015293 f   bloater.obj
 0001:0001429e       ?IdleSound@CBloater@@UAEXXZ 1001529e f   bloater.obj
 0001:000142a9       ?AttackSnd@CBloater@@QAEXXZ 100152a9 f   bloater.obj
 0001:000142b4       ?HandleAnimEvent@CBloater@@UAEXPAUMonsterEvent_t@@@Z 100152b4 f   bloater.obj
 0001:000142e9       ?Spawn@CBloater@@UAEXXZ    100152e9 f   bloater.obj
 0001:0001444a       ?Precache@CBloater@@UAEXXZ 1001544a f   bloater.obj
 0001:000144a0       ?GetClassPtr@@YAPAVCBloater@@PAV1@@Z 100154a0 f i bloater.obj
 0001:00014530       ??0CBloater@@QAE@XZ        10015530 f i bloater.obj
 0001:00014550       ?CheckRangeAttack1@CBloater@@UAEHMM@Z 10015550 f i bloater.obj
 0001:00014560       ?CheckRangeAttack2@CBloater@@UAEHMM@Z 10015560 f i bloater.obj
 0001:00014570       ?VecBModelOrigin@@YA?AVVector@@PAUentvars_s@@@Z 10015570 f   bmodels.obj
 0001:000145b2       _func_wall                 100155b2 f   bmodels.obj
 0001:000145c3       ?Spawn@CFuncWall@@UAEXXZ   100155c3 f   bmodels.obj
 0001:0001472f       ?Use@CFuncWall@@UAEXPAVCBaseEntity@@0W4USE_TYPE@@M@Z 1001572f f   bmodels.obj
 0001:00014834       _func_wall_toggle          10015834 f   bmodels.obj
 0001:00014845       ?Spawn@CFuncWallToggle@@UAEXXZ 10015845 f   bmodels.obj
 0001:00014873       ?TurnOff@CFuncWallToggle@@QAEXXZ 10015873 f   bmodels.obj
 0001:000148bf       ?TurnOn@CFuncWallToggle@@QAEXXZ 100158bf f   bmodels.obj
 0001:0001490b       ?IsOn@CFuncWallToggle@@QAEHXZ 1001590b f   bmodels.obj
 0001:0001492e       ?Use@CFuncWallToggle@@UAEXPAVCBaseEntity@@0W4USE_TYPE@@M@Z 1001592e f   bmodels.obj
 0001:0001497f       _func_conveyor             1001597f f   bmodels.obj
 0001:00014990       ?Spawn@CFuncConveyor@@UAEXXZ 10015990 f   bmodels.obj
 0001:00014a51       ?UpdateSpeed@CFuncConveyor@@QAEXM@Z 10015a51 f   bmodels.obj
 0001:00014ae4       ?Use@CFuncConveyor@@UAEXPAVCBaseEntity@@0W4USE_TYPE@@M@Z 10015ae4 f   bmodels.obj
 0001:00014b20       _func_illusionary          10015b20 f   bmodels.obj
 0001:00014b31       ?KeyValue@CFuncIllusionary@@UAEXPAUKeyValueData_s@@@Z 10015b31 f   bmodels.obj
 0001:00014b8e       ?Spawn@CFuncIllusionary@@UAEXXZ 10015b8e f   bmodels.obj
 0001:00014c0c       _func_shine                10015c0c f   bmodels.obj
 0001:00014c1d       ?Spawn@CFuncShine@@UAEXXZ  10015c1d f   bmodels.obj
 0001:00014ca6       ?Activate@CFuncShine@@UAEXXZ 10015ca6 f   bmodels.obj
 0001:00014cc5       ?DesiredAction@CFuncShine@@UAEXXZ 10015cc5 f   bmodels.obj
 0001:00014d17       ?Think@CFuncShine@@UAEXXZ  10015d17 f   bmodels.obj
 0001:00014e2f       _func_monsterclip          10015e2f f   bmodels.obj
 0001:00014e40       ?Spawn@CFuncMonsterClip@@UAEXXZ 10015e40 f   bmodels.obj
 0001:00014e9c       ?Save@CFuncRotating@@UAEHAAVCSave@@@Z 10015e9c f   bmodels.obj
 0001:00014f2b       ?Restore@CFuncRotating@@UAEHAAVCRestore@@@Z 10015f2b f   bmodels.obj
 0001:00014f64       _func_rotating             10015f64 f   bmodels.obj
 0001:00014f75       ?KeyValue@CFuncRotating@@UAEXPAUKeyValueData_s@@@Z 10015f75 f   bmodels.obj
 0001:00015146       ?Spawn@CFuncRotating@@UAEXXZ 10016146 f   bmodels.obj
 0001:00015507       ?Precache@CFuncRotating@@UAEXXZ 10016507 f   bmodels.obj
 0001:00015749       ?WaitForStart@CFuncRotating@@QAEXXZ 10016749 f   bmodels.obj
 0001:00015782       ?HurtTouch@CFuncRotating@@QAEXPAVCBaseEntity@@@Z 10016782 f   bmodels.obj
 0001:0001589b       ?RampPitchVol@CFuncRotating@@QAEXH@Z 1001689b f   bmodels.obj
 0001:00015942       ?SpinUp@CFuncRotating@@QAEXXZ 10016942 f   bmodels.obj
 0001:00015a9c       ?SpinDown@CFuncRotating@@QAEXXZ 10016a9c f   bmodels.obj
 0001:00015bc8       ?Rotate@CFuncRotating@@QAEXXZ 10016bc8 f   bmodels.obj
 0001:00015be3       ?RotatingUse@CFuncRotating@@QAEXPAVCBaseEntity@@0W4USE_TYPE@@M@Z 10016be3 f   bmodels.obj
 0001:00015dd8       ?Blocked@CFuncRotating@@UAEXPAVCBaseEntity@@@Z 10016dd8 f   bmodels.obj
 0001:00015e54       _func_pendulum             10016e54 f   bmodels.obj
 0001:00015e65       ?Save@CPendulum@@UAEHAAVCSave@@@Z 10016e65 f   bmodels.obj
 0001:00015ef4       ?Restore@CPendulum@@UAEHAAVCRestore@@@Z 10016ef4 f   bmodels.obj
 0001:00015f2d       ?KeyValue@CPendulum@@UAEXPAUKeyValueData_s@@@Z 10016f2d f   bmodels.obj
 0001:00016009       ?Spawn@CPendulum@@UAEXXZ   10017009 f   bmodels.obj
 0001:0001622f       ?PendulumUse@CPendulum@@QAEXPAVCBaseEntity@@0W4USE_TYPE@@M@Z 1001722f f   bmodels.obj
 0001:0001638e       ?StopThink@CPendulum@@QAEXXZ 1001738e f   bmodels.obj
 0001:000163ed       ?Blocked@CPendulum@@UAEXPAVCBaseEntity@@@Z 100173ed f   bmodels.obj
 0001:0001640b       ?SwingThink@CPendulum@@QAEXXZ 1001740b f   bmodels.obj
 0001:000166b2       ?Touch@CPendulum@@UAEXPAVCBaseEntity@@@Z 100176b2 f   bmodels.obj
 0001:000167ec       ?RopeTouch@CPendulum@@QAEXPAVCBaseEntity@@@Z 100177ec f   bmodels.obj
 0001:00016890       ?GetClassPtr@@YAPAVCFuncWall@@PAV1@@Z 10017890 f i bmodels.obj
 0001:00016920       ?GetClassPtr@@YAPAVCFuncWallToggle@@PAV1@@Z 10017920 f i bmodels.obj
 0001:000169b0       ?GetClassPtr@@YAPAVCFuncConveyor@@PAV1@@Z 100179b0 f i bmodels.obj
 0001:00016a40       ?GetClassPtr@@YAPAVCFuncIllusionary@@PAV1@@Z 10017a40 f i bmodels.obj
 0001:00016ad0       ?GetClassPtr@@YAPAVCFuncShine@@PAV1@@Z 10017ad0 f i bmodels.obj
 0001:00016b60       ?GetClassPtr@@YAPAVCFuncMonsterClip@@PAV1@@Z 10017b60 f i bmodels.obj
 0001:00016bf0       ?GetClassPtr@@YAPAVCFuncRotating@@PAV1@@Z 10017bf0 f i bmodels.obj
 0001:00016c80       ?GetClassPtr@@YAPAVCPendulum@@PAV1@@Z 10017c80 f i bmodels.obj
 0001:00016d10       ??0CFuncWall@@QAE@XZ       10017d10 f i bmodels.obj
 0001:00016d30       ?GetState@CFuncWall@@UAE?AW4STATE@@XZ 10017d30 f i bmodels.obj
 0001:00016d70       ?ObjectCaps@CFuncWall@@UAEHXZ 10017d70 f i bmodels.obj
 0001:00016d90       ??0CFuncWallToggle@@QAE@XZ 10017d90 f i bmodels.obj
 0001:00016db0       ?GetState@CFuncWallToggle@@UAE?AW4STATE@@XZ 10017db0 f i bmodels.obj
 0001:00016dd0       ??0CFuncConveyor@@QAE@XZ   10017dd0 f i bmodels.obj
 0001:00016df0       ??0CFuncIllusionary@@QAE@XZ 10017df0 f i bmodels.obj
 0001:00016e10       ?ObjectCaps@CFuncIllusionary@@UAEHXZ 10017e10 f i bmodels.obj
 0001:00016e30       ??0CFuncShine@@QAE@XZ      10017e30 f i bmodels.obj
 0001:00016e50       ?ObjectCaps@CFuncShine@@UAEHXZ 10017e50 f i bmodels.obj
 0001:00016e70       ??0CFuncMonsterClip@@QAE@XZ 10017e70 f i bmodels.obj
 0001:00016e90       ?Use@CFuncMonsterClip@@UAEXPAVCBaseEntity@@0W4USE_TYPE@@M@Z 10017e90 f i bmodels.obj
 0001:00016ea0       ??0CFuncRotating@@QAE@XZ   10017ea0 f i bmodels.obj
 0001:00016ec0       ?ObjectCaps@CFuncRotating@@UAEHXZ 10017ec0 f i bmodels.obj
 0001:00016ee0       ?GetState@CFuncRotating@@UAE?AW4STATE@@XZ 10017ee0 f i bmodels.obj
 0001:00016f00       ??0CPendulum@@QAE@XZ       10017f00 f i bmodels.obj
 0001:00016f40       ?ObjectCaps@CPendulum@@UAEHXZ 10017f40 f i bmodels.obj
 0001:00016f60       ?GetState@CPendulum@@UAE?AW4STATE@@XZ 10017f60 f i bmodels.obj
 0001:00016fa0       _squidspit                 10017fa0 f   bullsquid.obj
 0001:00016fb1       ?Save@CSquidSpit@@UAEHAAVCSave@@@Z 10017fb1 f   bullsquid.obj
 0001:00017040       ?Restore@CSquidSpit@@UAEHAAVCRestore@@@Z 10018040 f   bullsquid.obj
 0001:00017079       ?Spawn@CSquidSpit@@UAEXXZ  10018079 f   bullsquid.obj
 0001:0001717a       ?Animate@CSquidSpit@@QAEXXZ 1001817a f   bullsquid.obj
 0001:000171f8       ?Shoot@CSquidSpit@@SAXPAUentvars_s@@VVector@@1@Z 100181f8 f   bullsquid.obj
 0001:00017274       ?Touch@CSquidSpit@@UAEXPAVCBaseEntity@@@Z 10018274 f   bullsquid.obj
 0001:000174c1       _monster_bullchicken       100184c1 f   bullsquid.obj
 0001:000174d2       _monster_bullsquid         100184d2 f   bullsquid.obj
 0001:000174e3       ?Save@CBullsquid@@UAEHAAVCSave@@@Z 100184e3 f   bullsquid.obj
 0001:00017572       ?Restore@CBullsquid@@UAEHAAVCRestore@@@Z 10018572 f   bullsquid.obj
 0001:000175ab       ?IgnoreConditions@CBullsquid@@UAEHXZ 100185ab f   bullsquid.obj
 0001:00017626       ?IRelationship@CBullsquid@@UAEHPAVCBaseEntity@@@Z 10018626 f   bullsquid.obj
 0001:00017678       ?TakeDamage@CBullsquid@@UAEHPAUentvars_s@@0MH@Z 10018678 f   bullsquid.obj
 0001:0001781e       ?CheckRangeAttack1@CBullsquid@@UAEHMM@Z 1001881e f   bullsquid.obj
 0001:00017945       ?CheckMeleeAttack1@CBullsquid@@UAEHMM@Z 10018945 f   bullsquid.obj
 0001:0001799f       ?CheckMeleeAttack2@CBullsquid@@UAEHMM@Z 1001899f f   bullsquid.obj
 0001:000179e6       ?FValidateHintType@CBullsquid@@UAEHF@Z 100189e6 f   bullsquid.obj
 0001:00017a3b       ?ISoundMask@CBullsquid@@UAEHXZ 10018a3b f   bullsquid.obj
 0001:00017a4b       ?Classify@CBullsquid@@UAEHXZ 10018a4b f   bullsquid.obj
 0001:00017a7c       ?IdleSound@CBullsquid@@UAEXXZ 10018a7c f   bullsquid.obj
 0001:00017b99       ?PainSound@CBullsquid@@UAEXXZ 10018b99 f   bullsquid.obj
 0001:00017caf       ?AlertSound@CBullsquid@@UAEXXZ 10018caf f   bullsquid.obj
 0001:00017d50       ?SetYawSpeed@CBullsquid@@UAEXXZ 10018d50 f   bullsquid.obj
 0001:00017dfb       ?HandleAnimEvent@CBullsquid@@UAEXPAUMonsterEvent_t@@@Z 10018dfb f   bullsquid.obj
 0001:00018533       ?Spawn@CBullsquid@@UAEXXZ  10019533 f   bullsquid.obj
 0001:00018696       ?Precache@CBullsquid@@UAEXXZ 10019696 f   bullsquid.obj
 0001:00018845       ?DeathSound@CBullsquid@@UAEXXZ 10019845 f   bullsquid.obj
 0001:000188f5       ?AttackSound@CBullsquid@@QAEXXZ 100198f5 f   bullsquid.obj
 0001:00018974       ?RunAI@CBullsquid@@UAEXXZ  10019974 f   bullsquid.obj
 0001:00018a32       ?ScheduleFromName@CBullsquid@@UAEPAUSchedule_t@@PBD@Z 10019a32 f   bullsquid.obj
 0001:00018a6e       ?GetSchedule@CBullsquid@@UAEPAUSchedule_t@@XZ 10019a6e f   bullsquid.obj
 0001:00018d11       ?GetScheduleOfType@CBullsquid@@UAEPAUSchedule_t@@H@Z 10019d11 f   bullsquid.obj
 0001:00018dc9       ?StartTask@CBullsquid@@UAEXPAUTask_t@@@Z 10019dc9 f   bullsquid.obj
 0001:00018f54       ?RunTask@CBullsquid@@UAEXPAUTask_t@@@Z 10019f54 f   bullsquid.obj
 0001:00018fd8       ?GetIdealState@CBullsquid@@UAE?AW4MONSTERSTATE@@XZ 10019fd8 f   bullsquid.obj
 0001:00019090       ?GetClassPtr@@YAPAVCSquidSpit@@PAV1@@Z 1001a090 f i bullsquid.obj
 0001:00019120       ?GetClassPtr@@YAPAVCBullsquid@@PAV1@@Z 1001a120 f i bullsquid.obj
 0001:000191b0       ??0CSquidSpit@@QAE@XZ      1001a1b0 f i bullsquid.obj
 0001:000191d0       ??0CBullsquid@@QAE@XZ      1001a1d0 f i bullsquid.obj
 0001:000191f0       ?Save@CEnvGlobal@@UAEHAAVCSave@@@Z 1001a1f0 f   buttons.obj
 0001:0001927f       ?Restore@CEnvGlobal@@UAEHAAVCRestore@@@Z 1001a27f f   buttons.obj
 0001:000192b8       _env_global                1001a2b8 f   buttons.obj
 0001:000192c9       ?KeyValue@CEnvGlobal@@UAEXPAUKeyValueData_s@@@Z 1001a2c9 f   buttons.obj
 0001:00019383       ?Spawn@CEnvGlobal@@UAEXXZ  1001a383 f   buttons.obj
 0001:00019408       ?Use@CEnvGlobal@@UAEXPAVCBaseEntity@@0W4USE_TYPE@@M@Z 1001a408 f   buttons.obj
 0001:000194ff       ?Spawn@CEnvState@@UAEXXZ   1001a4ff f   buttons.obj
 0001:00019539       ?Save@CEnvState@@UAEHAAVCSave@@@Z 1001a539 f   buttons.obj
 0001:000195c8       ?Restore@CEnvState@@UAEHAAVCRestore@@@Z 1001a5c8 f   buttons.obj
 0001:00019601       _env_state                 1001a601 f   buttons.obj
 0001:00019612       ?KeyValue@CEnvState@@UAEXPAUKeyValueData_s@@@Z 1001a612 f   buttons.obj
 0001:000196cc       ?Use@CEnvState@@UAEXPAVCBaseEntity@@0W4USE_TYPE@@M@Z 1001a6cc f   buttons.obj
 0001:00019bdf       ?Think@CEnvState@@UAEXXZ   1001abdf f   buttons.obj
 0001:00019ed1       ?Save@CMultiSource@@UAEHAAVCSave@@@Z 1001aed1 f   buttons.obj
 0001:00019f60       ?Restore@CMultiSource@@UAEHAAVCRestore@@@Z 1001af60 f   buttons.obj
 0001:00019f99       _multisource               1001af99 f   buttons.obj
 0001:00019faa       ?KeyValue@CMultiSource@@UAEXPAUKeyValueData_s@@@Z 1001afaa f   buttons.obj
 0001:0001a09c       ?Spawn@CMultiSource@@UAEXXZ 1001b09c f   buttons.obj
 0001:0001a0fc       ?Use@CMultiSource@@UAEXPAVCBaseEntity@@0W4USE_TYPE@@M@Z 1001b0fc f   buttons.obj
 0001:0001a35c       ?GetState@CMultiSource@@UAE?AW4STATE@@XZ 1001b35c f   buttons.obj
 0001:0001a3ee       ?Register@CMultiSource@@QAEXXZ 1001b3ee f   buttons.obj
 0001:0001a5a4       ?ObjectCaps@CBaseButton@@UAEHXZ 1001b5a4 f   buttons.obj
 0001:0001a602       ?Save@CBaseButton@@UAEHAAVCSave@@@Z 1001b602 f   buttons.obj
 0001:0001a691       ?Restore@CBaseButton@@UAEHAAVCRestore@@@Z 1001b691 f   buttons.obj
 0001:0001a6ca       ?Precache@CBaseButton@@UAEXXZ 1001b6ca f   buttons.obj
 0001:0001aa6d       ?KeyValue@CBaseButton@@UAEXPAUKeyValueData_s@@@Z 1001ba6d f   buttons.obj
 0001:0001ac0f       ?TakeDamage@CBaseButton@@UAEHPAUentvars_s@@0MH@Z 1001bc0f f   buttons.obj
 0001:0001acfc       _func_button               1001bcfc f   buttons.obj
 0001:0001ad0d       ?Spawn@CBaseButton@@UAEXXZ 1001bd0d f   buttons.obj
 0001:0001b139       ?PostSpawn@CBaseButton@@UAEXXZ 1001c139 f   buttons.obj
 0001:0001b2e3       ?ButtonSound@@YAPADH@Z     1001c2e3 f   buttons.obj
 0001:0001b43f       ?DoSpark@@YAXPAUentvars_s@@ABVVector@@@Z 1001c43f f   buttons.obj
 0001:0001b5d6       ?ButtonSpark@CBaseButton@@QAEXXZ 1001c5d6 f   buttons.obj
 0001:0001b631       ?ButtonUse@CBaseButton@@QAEXPAVCBaseEntity@@0W4USE_TYPE@@M@Z 1001c631 f   buttons.obj
 0001:0001b6e7       ?ButtonUse_IgnorePlayer@CBaseButton@@QAEXPAVCBaseEntity@@0W4USE_TYPE@@M@Z 1001c6e7 f   buttons.obj
 0001:0001b724       ?ButtonResponseToTouch@CBaseButton@@QAE?AW4BUTTON_CODE@1@XZ 1001c724 f   buttons.obj
 0001:0001b7b3       ?ButtonTouch@CBaseButton@@QAEXPAVCBaseEntity@@@Z 1001c7b3 f   buttons.obj
 0001:0001b8bb       ?ButtonActivate@CBaseButton@@QAEXXZ 1001c8bb f   buttons.obj
 0001:0001ba0d       ?TriggerAndWait@CBaseButton@@QAEXXZ 1001ca0d f   buttons.obj
 0001:0001bb4c       ?ButtonReturn@CBaseButton@@QAEXXZ 1001cb4c f   buttons.obj
 0001:0001bc3f       ?ButtonBackHome@CBaseButton@@QAEXXZ 1001cc3f f   buttons.obj
 0001:0001bda0       _func_rot_button           1001cda0 f   buttons.obj
 0001:0001bdb1       ?KeyValue@CRotButton@@UAEXPAUKeyValueData_s@@@Z 1001cdb1 f   buttons.obj
 0001:0001be0c       ?Spawn@CRotButton@@UAEXXZ  1001ce0c f   buttons.obj
 0001:0001c0dd       ?Save@CMomentaryRotButton@@UAEHAAVCSave@@@Z 1001d0dd f   buttons.obj
 0001:0001c16c       ?Restore@CMomentaryRotButton@@UAEHAAVCRestore@@@Z 1001d16c f   buttons.obj
 0001:0001c1a5       _momentary_rot_button      1001d1a5 f   buttons.obj
 0001:0001c1b6       ?Spawn@CMomentaryRotButton@@UAEXXZ 1001d1b6 f   buttons.obj
 0001:0001c3ed       ?KeyValue@CMomentaryRotButton@@UAEXPAUKeyValueData_s@@@Z 1001d3ed f   buttons.obj
 0001:0001c4c3       ?PlaySound@CMomentaryRotButton@@QAEXXZ 1001d4c3 f   buttons.obj
 0001:0001c50b       ?Use@CMomentaryRotButton@@UAEXPAVCBaseEntity@@0W4USE_TYPE@@M@Z 1001d50b f   buttons.obj
 0001:0001c5f4       ?UpdateAllButtons@CMomentaryRotButton@@QAEXMH@Z 1001d5f4 f   buttons.obj
 0001:0001c684       ?UpdateSelf@CMomentaryRotButton@@QAEXM@Z 1001d684 f   buttons.obj
 0001:0001c851       ?UpdateTarget@CMomentaryRotButton@@QAEXM@Z 1001d851 f   buttons.obj
 0001:0001c8ce       ?Off@CMomentaryRotButton@@QAEXXZ 1001d8ce f   buttons.obj
 0001:0001c964       ?Return@CMomentaryRotButton@@QAEXXZ 1001d964 f   buttons.obj
 0001:0001c9cf       ?UpdateSelfReturn@CMomentaryRotButton@@QAEXM@Z 1001d9cf f   buttons.obj
 0001:0001ca93       ?Save@CEnvSpark@@UAEHAAVCSave@@@Z 1001da93 f   buttons.obj
 0001:0001cb22       ?Restore@CEnvSpark@@UAEHAAVCRestore@@@Z 1001db22 f   buttons.obj
 0001:0001cb5b       _env_spark                 1001db5b f   buttons.obj
 0001:0001cb6c       _env_debris                1001db6c f   buttons.obj
 0001:0001cb7d       ?Spawn@CEnvSpark@@UAEXXZ   1001db7d f   buttons.obj
 0001:0001cc7a       ?Precache@CEnvSpark@@UAEXXZ 1001dc7a f   buttons.obj
 0001:0001ccd9       ?KeyValue@CEnvSpark@@UAEXPAUKeyValueData_s@@@Z 1001dcd9 f   buttons.obj
 0001:0001cdcd       ?SparkCyclic@CEnvSpark@@QAEXPAVCBaseEntity@@0W4USE_TYPE@@M@Z 1001ddcd f   buttons.obj
 0001:0001ce27       ?SparkWait@CEnvSpark@@QAEXXZ 1001de27 f   buttons.obj
 0001:0001ce3c       ?SparkThink@CEnvSpark@@QAEXXZ 1001de3c f   buttons.obj
 0001:0001ceae       ?SparkStart@CEnvSpark@@QAEXPAVCBaseEntity@@0W4USE_TYPE@@M@Z 1001deae f   buttons.obj
 0001:0001cf0e       ?SparkStop@CEnvSpark@@QAEXPAVCBaseEntity@@0W4USE_TYPE@@M@Z 1001df0e f   buttons.obj
 0001:0001cf3f       _button_target             1001df3f f   buttons.obj
 0001:0001cf50       ?KeyValue@CButtonTarget@@UAEXPAUKeyValueData_s@@@Z 1001df50 f   buttons.obj
 0001:0001cfa6       ?Spawn@CButtonTarget@@UAEXXZ 1001dfa6 f   buttons.obj
 0001:0001d080       ?Use@CButtonTarget@@UAEXPAVCBaseEntity@@0W4USE_TYPE@@M@Z 1001e080 f   buttons.obj
 0001:0001d126       ?ObjectCaps@CButtonTarget@@UAEHXZ 1001e126 f   buttons.obj
 0001:0001d15d       ?TakeDamage@CButtonTarget@@UAEHPAUentvars_s@@0MH@Z 1001e15d f   buttons.obj
 0001:0001d1a0       ?IsLockedByMaster@CEnvState@@QAEHXZ 1001e1a0 f i buttons.obj
 0001:0001d1d0       ?EntityInTable@CGlobalState@@QAEHH@Z 1001e1d0 f i buttons.obj
 0001:0001d1f0       ?Instance@CBaseEntity@@SAPAV1@PAUentvars_s@@@Z 1001e1f0 f i buttons.obj
 0001:0001d210       ?FNullEnt@@YAHPAVCBaseEntity@@@Z 1001e210 f i buttons.obj
 0001:0001d250       ?GetClassPtr@@YAPAVCEnvGlobal@@PAV1@@Z 1001e250 f i buttons.obj
 0001:0001d2e0       ?GetClassPtr@@YAPAVCEnvState@@PAV1@@Z 1001e2e0 f i buttons.obj
 0001:0001d370       ?GetClassPtr@@YAPAVCMultiSource@@PAV1@@Z 1001e370 f i buttons.obj
 0001:0001d400       ?GetClassPtr@@YAPAVCBaseButton@@PAV1@@Z 1001e400 f i buttons.obj
 0001:0001d490       ?GetClassPtr@@YAPAVCRotButton@@PAV1@@Z 1001e490 f i buttons.obj
 0001:0001d520       ?GetClassPtr@@YAPAVCMomentaryRotButton@@PAV1@@Z 1001e520 f i buttons.obj
 0001:0001d5b0       ?GetClassPtr@@YAPAVCEnvSpark@@PAV1@@Z 1001e5b0 f i buttons.obj
 0001:0001d640       ?GetClassPtr@@YAPAVCButtonTarget@@PAV1@@Z 1001e640 f i buttons.obj
 0001:0001d6d0       ??0CEnvGlobal@@QAE@XZ      1001e6d0 f i buttons.obj
 0001:0001d6f0       ??0CEnvState@@QAE@XZ       1001e6f0 f i buttons.obj
 0001:0001d710       ?GetState@CEnvState@@UAE?AW4STATE@@XZ 1001e710 f i buttons.obj
 0001:0001d730       ??0CMultiSource@@QAE@XZ    1001e730 f i buttons.obj
 0001:0001d750       ??0CBaseButton@@QAE@XZ     1001e750 f i buttons.obj
 0001:0001d770       ??0CRotButton@@QAE@XZ      1001e770 f i buttons.obj
 0001:0001d790       ?PostSpawn@CRotButton@@UAEXXZ 1001e790 f i buttons.obj
 0001:0001d7a0       ??0CMomentaryRotButton@@QAE@XZ 1001e7a0 f i buttons.obj
 0001:0001d7e0       ?ObjectCaps@CMomentaryRotButton@@UAEHXZ 1001e7e0 f i buttons.obj
 0001:0001d820       ??0CEnvSpark@@QAE@XZ       1001e820 f i buttons.obj
 0001:0001d840       ?GetState@CEnvSpark@@UAE?AW4STATE@@XZ 1001e840 f i buttons.obj
 0001:0001d860       ??0CButtonTarget@@QAE@XZ   1001e860 f i buttons.obj
 0001:0001d880       _GetEntityAPI              1001e880 f   cbase.obj
 0001:0001d8b3       _GetEntityAPI2             1001e8b3 f   cbase.obj
 0001:0001d8f1       ?DispatchSpawn@@YAHPAUedict_s@@@Z 1001e8f1 f   cbase.obj
 0001:0001dafb       ?DispatchKeyValue@@YAXPAUedict_s@@PAUKeyValueData_s@@@Z 1001eafb f   cbase.obj
 0001:0001db63       ?DispatchTouch@@YAXPAUedict_s@@0@Z 1001eb63 f   cbase.obj
 0001:0001dbd5       ?DispatchUse@@YAXPAUedict_s@@0@Z 1001ebd5 f   cbase.obj
 0001:0001dc33       ?DispatchThink@@YAXPAUedict_s@@@Z 1001ec33 f   cbase.obj
 0001:0001dc97       ?DispatchBlocked@@YAXPAUedict_s@@0@Z 1001ec97 f   cbase.obj
 0001:0001dcd7       ?DispatchSave@@YAXPAUedict_s@@PAUsaverestore_s@@@Z 1001ecd7 f   cbase.obj
 0001:0001de18       ?FindGlobalEntity@@YAPAVCBaseEntity@@HH@Z 1001ee18 f   cbase.obj
 0001:0001dea9       ?DispatchRestore@@YAHPAUedict_s@@PAUsaverestore_s@@H@Z 1001eea9 f   cbase.obj
 0001:0001e26e       ?DispatchObjectCollsionBox@@YAXPAUedict_s@@@Z 1001f26e f   cbase.obj
 0001:0001e2a9       ?SaveWriteFields@@YAXPAUsaverestore_s@@PBDPAXPAUTYPEDESCRIPTION@@H@Z 1001f2a9 f   cbase.obj
 0001:0001e2e2       ?SaveReadFields@@YAXPAUsaverestore_s@@PBDPAXPAUTYPEDESCRIPTION@@H@Z 1001f2e2 f   cbase.obj
 0001:0001e318       ?Get@EHANDLE@@QAEPAUedict_s@@XZ 1001f318 f   cbase.obj
 0001:0001e348       ?Set@EHANDLE@@QAEPAUedict_s@@PAU2@@Z 1001f348 f   cbase.obj
 0001:0001e374       ??BEHANDLE@@QAEPAVCBaseEntity@@XZ 1001f374 f   cbase.obj
 0001:0001e390       ??4EHANDLE@@QAEPAVCBaseEntity@@PAV1@@Z 1001f390 f   cbase.obj
 0001:0001e3e5       ??BEHANDLE@@QAEHXZ         1001f3e5 f   cbase.obj
 0001:0001e3fe       ??CEHANDLE@@QAEPAVCBaseEntity@@XZ 1001f3fe f   cbase.obj
 0001:0001e41a       ?Activate@CBaseEntity@@UAEXXZ 1001f41a f   cbase.obj
 0001:0001e485       ?InitMoveWith@CBaseEntity@@QAEXXZ 1001f485 f   cbase.obj
 0001:0001e664       ?DontThink@CBaseEntity@@QAEXXZ 1001f664 f   cbase.obj
 0001:0001e6a5       ?SetEternalThink@CBaseEntity@@QAEXXZ 1001f6a5 f   cbase.obj
 0001:0001e718       ?SetNextThink@CBaseEntity@@UAEXMH@Z 1001f718 f   cbase.obj
 0001:0001e7fc       ?AbsoluteNextThink@CBaseEntity@@UAEXMH@Z 1001f7fc f   cbase.obj
 0001:0001e86b       ?ThinkCorrection@CBaseEntity@@UAEXXZ 1001f86b f   cbase.obj
 0001:0001e8bf       ?TakeHealth@CBaseEntity@@UAEHMH@Z 1001f8bf f   cbase.obj
 0001:0001e959       ?TakeDamage@CBaseEntity@@UAEHPAUentvars_s@@0MH@Z 1001f959 f   cbase.obj
 0001:0001ebea       ?Killed@CBaseEntity@@UAEXPAUentvars_s@@H@Z 1001fbea f   cbase.obj
 0001:0001ec23       ?GetNextTarget@CBaseEntity@@UAEPAV1@XZ 1001fc23 f   cbase.obj
 0001:0001ec6e       ?Save@CBaseEntity@@UAEHAAVCSave@@@Z 1001fc6e f   cbase.obj
 0001:0001ed10       ?Restore@CBaseEntity@@UAEHAAVCRestore@@@Z 1001fd10 f   cbase.obj
 0001:0001f093       ?SetObjectCollisionBox@CBaseEntity@@UAEXXZ 10020093 f   cbase.obj
 0001:0001f0ad       ?Intersects@CBaseEntity@@QAEHPAV1@@Z 100200ad f   cbase.obj
 0001:0001f181       ?MakeDormant@CBaseEntity@@QAEXXZ 10020181 f   cbase.obj
 0001:0001f203       ?IsDormant@CBaseEntity@@QAEHXZ 10020203 f   cbase.obj
 0001:0001f21f       ?IsInWorld@CBaseEntity@@UAEHXZ 1002021f f   cbase.obj
 0001:0001f37c       ?ShouldToggle@CBaseEntity@@QAEHW4USE_TYPE@@H@Z 1002037c f   cbase.obj
 0001:0001f3b6       ?ShouldToggle@CBaseEntity@@QAEHW4USE_TYPE@@@Z 100203b6 f   cbase.obj
 0001:0001f420       ?DamageDecal@CBaseEntity@@UAEHH@Z 10020420 f   cbase.obj
 0001:0001f464       ?Create@CBaseEntity@@SAPAV1@PADABVVector@@1PAUedict_s@@@Z 10020464 f   cbase.obj
 0001:0001f520       ??1CSave@@QAE@XZ           10020520 f i cbase.obj
 0001:0001f540       ??0entvars_s@@QAE@XZ       10020540 f i cbase.obj
 0001:0001f680       ??1CRestore@@QAE@XZ        10020680 f i cbase.obj
 0001:0001f6a0       ??0CSave@@QAE@PAUsaverestore_s@@@Z 100206a0 f i cbase.obj
 0001:0001f6c0       ??0CRestore@@QAE@PAUsaverestore_s@@@Z 100206c0 f i cbase.obj
 0001:0001f6f0       ?FNullEnt@@YAHPAUentvars_s@@@Z 100206f0 f i cbase.obj
 0001:0001f730       ?SetGlobalMode@CRestore@@QAEXH@Z 10020730 f i cbase.obj
 0001:0001f750       ?PrecacheMode@CRestore@@QAEXH@Z 10020750 f i cbase.obj
 0001:0001f770       ?set_suicide_frame@@YAXPAUentvars_s@@@Z 10020770 f   client.obj
 0001:0001f7d1       ?ClientConnect@@YAHPAUedict_s@@PBD1QAD@Z 100207d1 f   client.obj
 0001:0001f7f7       ?ClientDisconnect@@YAXPAUedict_s@@@Z 100207f7 f   client.obj
 0001:0001f8f0       ?respawn@@YAXPAUentvars_s@@H@Z 100208f0 f   client.obj
 0001:0001f95f       ?ClientKill@@YAXPAUedict_s@@@Z 1002095f f   client.obj
 0001:0001f9d1       ?ClientPutInServer@@YAXPAUedict_s@@@Z 100209d1 f   client.obj
 0001:0001fa24       ?Host_Say@@YAXPAUedict_s@@H@Z 10020a24 f   client.obj
 0001:0001ff1c       ?ClientCommand@@YAXPAUedict_s@@@Z 10020f1c f   client.obj
 0001:00020903       ?ClientUserInfoChanged@@YAXPAUedict_s@@PAD@Z 10021903 f   client.obj
 0001:00020ba2       ?ServerDeactivate@@YAXXZ   10021ba2 f   client.obj
 0001:00020bc6       ?ServerActivate@@YAXPAUedict_s@@HH@Z 10021bc6 f   client.obj
 0001:00020ca6       ?PlayerPreThink@@YAXPAUedict_s@@@Z 10021ca6 f   client.obj
 0001:00020ced       ?PlayerPostThink@@YAXPAUedict_s@@@Z 10021ced f   client.obj
 0001:00020d39       ?ParmsNewLevel@@YAXXZ      10021d39 f   client.obj
 0001:00020d3e       ?ParmsChangeLevel@@YAXXZ   10021d3e f   client.obj
 0001:00020d71       ?StartFrame@@YAXXZ         10021d71 f   client.obj
 0001:00020dbc       ?ClientPrecache@@YAXXZ     10021dbc f   client.obj
 0001:0002120d       ?GetGameDescription@@YAPBDXZ 1002220d f   client.obj
 0001:00021232       ?Sys_Error@@YAXPBD@Z       10022232 f   client.obj
 0001:00021237       ?PlayerCustomization@@YAXPAUedict_s@@PAUcustomization_s@@@Z 10022237 f   client.obj
 0001:000212ce       ?SpectatorConnect@@YAXPAUedict_s@@@Z 100222ce f   client.obj
 0001:00021300       ?SpectatorDisconnect@@YAXPAUedict_s@@@Z 10022300 f   client.obj
 0001:00021332       ?SpectatorThink@@YAXPAUedict_s@@@Z 10022332 f   client.obj
 0001:00021364       ?SetupVisibility@@YAXPAUedict_s@@0PAPAE1@Z 10022364 f   client.obj
 0001:000214da       ?AddToFullPack@@YAHPAUentity_state_s@@HPAUedict_s@@1HHPAE@Z 100224da f   client.obj
 0001:00021b15       ?CreateBaseline@@YAXHHPAUentity_state_s@@PAUedict_s@@HVVector@@2@Z 10022b15 f   client.obj
 0001:00021d2f       ?Entity_FieldInit@@YAXPAUdelta_s@@@Z 10022d2f f   client.obj
 0001:00021dbe       ?Entity_Encode@@YAXPAUdelta_s@@PBE1@Z 10022dbe f   client.obj
 0001:00021f9d       ?Player_FieldInit@@YAXPAUdelta_s@@@Z 10022f9d f   client.obj
 0001:00021fe7       ?Player_Encode@@YAXPAUdelta_s@@PBE1@Z 10022fe7 f   client.obj
 0001:00022120       ?Custom_Entity_FieldInit@@YAXPAUdelta_s@@@Z 10023120 f   client.obj
 0001:000221f4       ?Custom_Encode@@YAXPAUdelta_s@@PBE1@Z 100231f4 f   client.obj
 0001:00022323       ?RegisterEncoders@@YAXXZ   10023323 f   client.obj
 0001:00022361       ?GetWeaponData@@YAHPAUedict_s@@PAUweapon_data_s@@@Z 10023361 f   client.obj
 0001:000225f4       ?UpdateClientData@@YAXPBUedict_s@@HPAUclientdata_s@@@Z 100235f4 f   client.obj
 0001:0002298f       ?CmdStart@@YAXPBUedict_s@@PBUusercmd_s@@I@Z 1002398f f   client.obj
 0001:000229ed       ?CmdEnd@@YAXPBUedict_s@@@Z 100239ed f   client.obj
 0001:00022a2d       ?ConnectionlessPacket@@YAHPBUnetadr_s@@PBDPADPAH@Z 10023a2d f   client.obj
 0001:00022a48       ?GetHullBounds@@YAHHPAM0@Z 10023a48 f   client.obj
 0001:00022b4d       ?CreateInstancedBaselines@@YAXXZ 10023b4d f   client.obj
 0001:00022b85       ?InconsistentFile@@YAHPBUedict_s@@PBDPAD@Z 10023b85 f   client.obj
 0001:00022bc3       ?AllowLagCompensation@@YAHXZ 10023bc3 f   client.obj
 0001:00022bd0       ?MESSAGE_BEGIN@@YAXHHPBMPAUentvars_s@@@Z 10023bd0 f i client.obj
 0001:00022c00       ??0entity_state_s@@QAE@XZ  10023c00 f i client.obj
 0001:00022cb0       ?GetClassPtr@@YAPAVCBasePlayer@@PAV1@@Z 10023cb0 f i client.obj
 0001:00022d40       ?GetClassPtr@@YAPAVCItemMedicalKit@@PAV1@@Z 10023d40 f i client.obj
 0001:00022dd0       ?GetClassPtr@@YAPAVCItemAntidote@@PAV1@@Z 10023dd0 f i client.obj
 0001:00022e60       ?GetClassPtr@@YAPAVCItemAntiRad@@PAV1@@Z 10023e60 f i client.obj
 0001:00022ef0       ?GetClassPtr@@YAPAVCItemFlare@@PAV1@@Z 10023ef0 f i client.obj
 0001:00022f80       ??0CBasePlayer@@QAE@XZ     10023f80 f i client.obj
 0001:00022fb0       ?CalcRatio@CBasePlayer@@UAEMPAVCBaseEntity@@H@Z 10023fb0 f i client.obj
 0001:00023040       ?BodyTarget@CBasePlayer@@UAE?AVVector@@ABV2@@Z 10024040 f i client.obj
 0001:000230b0       ?StartSneaking@CBasePlayer@@UAEXXZ 100240b0 f i client.obj
 0001:000230e0       ?StopSneaking@CBasePlayer@@UAEXXZ 100240e0 f i client.obj
 0001:00023110       ?IsSneaking@CBasePlayer@@UAEHXZ 10024110 f i client.obj
 0001:00023150       ?IsAlive@CBasePlayer@@UAEHXZ 10024150 f i client.obj
 0001:000231a0       ?ShouldFadeOnDeath@CBasePlayer@@UAEHXZ 100241a0 f i client.obj
 0001:000231b0       ?IsPlayer@CBasePlayer@@UAEHXZ 100241b0 f i client.obj
 0001:000231c0       ?IsNetClient@CBasePlayer@@UAEHXZ 100241c0 f i client.obj
 0001:000231d0       ?ObjectCaps@CBasePlayer@@UAEHXZ 100241d0 f i client.obj
 0001:000231f0       ??0CItemMedicalKit@@QAE@XZ 100241f0 f i client.obj
 0001:00023210       ??0CItemAntidote@@QAE@XZ   10024210 f i client.obj
 0001:00023230       ??0CItemAntiRad@@QAE@XZ    10024230 f i client.obj
 0001:00023250       ??0CItemFlare@@QAE@XZ      10024250 f i client.obj
 0001:00023270       ??0CItem@@QAE@XZ           10024270 f i client.obj
 0001:00023290       ?MyTouch@CItem@@UAEHPAVCBasePlayer@@@Z 10024290 f i client.obj
 0001:000232a0       ?LimitVelocity@CGib@@QAEXXZ 100242a0 f   combat.obj
 0001:00023309       ?SpawnStickyGibs@CGib@@SAXPAUentvars_s@@VVector@@H@Z 10024309 f   combat.obj
 0001:00023632       ?SpawnHeadGib@CGib@@SAXPAUentvars_s@@@Z 10024632 f   combat.obj
 0001:00023664       ?SpawnHeadGib@CGib@@SAXPAUentvars_s@@PBD@Z 10024664 f   combat.obj
 0001:00023918       ?SpawnRandomGibs@CGib@@SAXPAUentvars_s@@HH@Z 10024918 f   combat.obj
 0001:00023975       ?SpawnRandomGibs@CGib@@SAXPAUentvars_s@@HHPBD@Z 10024975 f   combat.obj
 0001:00023d3b       ?HasHumanGibs@CBaseMonster@@UAEHXZ 10024d3b f   combat.obj
 0001:00023d86       ?HasAlienGibs@CBaseMonster@@UAEHXZ 10024d86 f   combat.obj
 0001:00023dd1       ?FadeMonster@CBaseMonster@@UAEXXZ 10024dd1 f   combat.obj
 0001:00023e70       ?GibMonster@CBaseMonster@@UAEXXZ 10024e70 f   combat.obj
 0001:00024013       ?GetDeathActivity@CBaseMonster@@UAE?AW4Activity@@XZ 10025013 f   combat.obj
 0001:000242ba       ?GetSmallFlinchActivity@CBaseMonster@@QAE?AW4Activity@@XZ 100252ba f   combat.obj
 0001:000243a1       ?BecomeDead@CBaseMonster@@UAEXXZ 100253a1 f   combat.obj
 0001:000243fa       ?ShouldGibMonster@CBaseMonster@@QAEHH@Z 100253fa f   combat.obj
 0001:00024435       ?CallGibMonster@CBaseMonster@@QAEXXZ 10025435 f   combat.obj
 0001:0002456c       ?Killed@CBaseMonster@@UAEXPAUentvars_s@@H@Z 1002556c f   combat.obj
 0001:000246b5       ?SUB_StartFadeOut@CBaseEntity@@QAEXXZ 100256b5 f   combat.obj
 0001:0002473c       ?SUB_FadeOut@CBaseEntity@@QAEXXZ 1002573c f   combat.obj
 0001:000247ba       ?WaitTillLand@CGib@@QAEXXZ 100257ba f   combat.obj
 0001:00024857       ?BounceGibTouch@CGib@@QAEXPAVCBaseEntity@@@Z 10025857 f   combat.obj
 0001:00024aa7       ?StickyGibTouch@CGib@@QAEXPAVCBaseEntity@@@Z 10025aa7 f   combat.obj
 0001:00024c1e       ?Spawn@CGib@@QAEXPBD@Z     10025c1e f   combat.obj
 0001:00024d3d       ?TakeHealth@CBaseMonster@@UAEHMH@Z 10025d3d f   combat.obj
 0001:00024d96       ?TakeDamage@CBaseMonster@@UAEHPAUentvars_s@@0MH@Z 10025d96 f   combat.obj
 0001:00025330       ?DeadTakeDamage@CBaseMonster@@QAEHPAUentvars_s@@0MH@Z 10026330 f   combat.obj
 0001:000254ab       ?DamageForce@CBaseMonster@@QAEMM@Z 100264ab f   combat.obj
 0001:0002550c       ?RadiusDamage@@YAXVVector@@PAUentvars_s@@1MMHH@Z 1002650c f   combat.obj
 0001:0002575a       ?RadiusDamage@CBaseMonster@@QAEXPAUentvars_s@@0MHH@Z 1002675a f   combat.obj
 0001:000257a9       ?RadiusDamage@CBaseMonster@@QAEXVVector@@PAUentvars_s@@1MHH@Z 100267a9 f   combat.obj
 0001:000257f2       ?CheckTraceHullAttack@CBaseMonster@@QAEPAVCBaseEntity@@MHH@Z 100267f2 f   combat.obj
 0001:00025907       ?FInViewCone@CBaseMonster@@UAEHPAVCBaseEntity@@@Z 10026907 f   combat.obj
 0001:000259b7       ?FInViewCone@CBaseMonster@@UAEHPAVVector@@@Z 100269b7 f   combat.obj
 0001:00025a61       ?FVisible@CBaseEntity@@UAEHPAV1@@Z 10026a61 f   combat.obj
 0001:00025b8f       ?FVisible@CBaseEntity@@UAEHABVVector@@@Z 10026b8f f   combat.obj
 0001:00025c12       ?TraceAttack@CBaseEntity@@UAEXPAUentvars_s@@MVVector@@PAUTraceResult@@H@Z 10026c12 f   combat.obj
 0001:00025cd3       ?TraceAttack@CBaseMonster@@UAEXPAUentvars_s@@MVVector@@PAUTraceResult@@H@Z 10026cd3 f   combat.obj
 0001:00025df6       ?FireBullets@CBaseEntity@@QAEXKVVector@@00MHHHPAUentvars_s@@@Z 10026df6 f   combat.obj
 0001:00026521       ?FireBulletsPlayer@CBaseEntity@@QAE?AVVector@@KV2@00MHHHPAUentvars_s@@H@Z 10027521 f   combat.obj
 0001:000269bc       ?TraceBleed@CBaseEntity@@UAEXMVVector@@PAUTraceResult@@H@Z 100279bc f   combat.obj
 0001:00026b6c       ?MakeDamageBloodDecal@CBaseMonster@@QAEXHMPAUTraceResult@@ABVVector@@@Z 10027b6c f   combat.obj
 0001:00026ce0       ?GetClassPtr@@YAPAVCGib@@PAV1@@Z 10027ce0 f i combat.obj
 0001:00026d70       ??0CGib@@QAE@XZ            10027d70 f i combat.obj
 0001:00026d90       ?ObjectCaps@CGib@@UAEHXZ   10027d90 f i combat.obj
 0001:00026db0       _monster_alien_controller  10027db0 f   controller.obj
 0001:00026dc1       ?Save@CController@@UAEHAAVCSave@@@Z 10027dc1 f   controller.obj
 0001:00026e50       ?Restore@CController@@UAEHAAVCRestore@@@Z 10027e50 f   controller.obj
 0001:00026e89       ?Classify@CController@@UAEHXZ 10027e89 f   controller.obj
 0001:00026eba       ?SetYawSpeed@CController@@UAEXXZ 10027eba f   controller.obj
 0001:00026edd       ?TakeDamage@CController@@UAEHPAUentvars_s@@0MH@Z 10027edd f   controller.obj
 0001:00026f22       ?Killed@CController@@UAEXPAUentvars_s@@H@Z 10027f22 f   controller.obj
 0001:00026f8d       ?GibMonster@CController@@UAEXXZ 10027f8d f   controller.obj
 0001:00026ff6       ?PainSound@CController@@UAEXXZ 10027ff6 f   controller.obj
 0001:0002705c       ?AlertSound@CController@@UAEXXZ 1002805c f   controller.obj
 0001:000270b0       ?IdleSound@CController@@UAEXXZ 100280b0 f   controller.obj
 0001:00027104       ?AttackSound@CController@@QAEXXZ 10028104 f   controller.obj
 0001:00027158       ?DeathSound@CController@@UAEXXZ 10028158 f   controller.obj
 0001:000271ac       ?HandleAnimEvent@CController@@UAEXPAUMonsterEvent_t@@@Z 100281ac f   controller.obj
 0001:00027648       ?Spawn@CController@@UAEXXZ 10028648 f   controller.obj
 0001:000277c4       ?Precache@CController@@UAEXXZ 100287c4 f   controller.obj
 0001:00027920       ?ScheduleFromName@CController@@UAEPAUSchedule_t@@PBD@Z 10028920 f   controller.obj
 0001:0002795c       ?StartTask@CController@@UAEXPAUTask_t@@@Z 1002895c f   controller.obj
 0001:00027b01       ?Intersect@@YA?AVVector@@V1@00M@Z 10028b01 f   controller.obj
 0001:00027c74       ?LookupFloat@CController@@QAEHXZ 10028c74 f   controller.obj
 0001:00027e36       ?RunTask@CController@@UAEXPAUTask_t@@@Z 10028e36 f   controller.obj
 0001:00028542       ?GetSchedule@CController@@UAEPAUSchedule_t@@XZ 10029542 f   controller.obj
 0001:000285ff       ?GetScheduleOfType@CController@@UAEPAUSchedule_t@@H@Z 100295ff f   controller.obj
 0001:0002868f       ?CheckRangeAttack1@CController@@UAEHMM@Z 1002968f f   controller.obj
 0001:000286d5       ?CheckRangeAttack2@CController@@UAEHMM@Z 100296d5 f   controller.obj
 0001:0002871b       ?CheckMeleeAttack1@CController@@UAEHMM@Z 1002971b f   controller.obj
 0001:0002872a       ?SetActivity@CController@@UAEXW4Activity@@@Z 1002972a f   controller.obj
 0001:00028775       ?RunAI@CController@@UAEXXZ 10029775 f   controller.obj
 0001:00028a0d       ?Stop@CController@@UAEXXZ  10029a0d f   controller.obj
 0001:00028a2f       ?Move@CController@@UAEXM@Z 10029a2f f   controller.obj
 0001:00028f6f       ?ShouldAdvanceRoute@CController@@UAEHM@Z 10029f6f f   controller.obj
 0001:00028f95       ?CheckLocalMove@CController@@UAEHABVVector@@0PAVCBaseEntity@@PAM@Z 10029f95 f   controller.obj
 0001:0002908d       ?MoveExecute@CController@@UAEXPAVCBaseEntity@@ABVVector@@M@Z 1002a08d f   controller.obj
 0001:00029174       _controller_head_ball      1002a174 f   controller.obj
 0001:00029185       ?Spawn@CControllerHeadBall@@EAEXXZ 1002a185 f   controller.obj
 0001:00029304       ?Precache@CControllerHeadBall@@EAEXXZ 1002a304 f   controller.obj
 0001:00029339       ?HuntThink@CControllerHeadBall@@AAEXXZ 1002a339 f   controller.obj
 0001:00029825       ?DieThink@CControllerHeadBall@@AAEXXZ 1002a825 f   controller.obj
 0001:0002983c       ?MovetoTarget@CControllerHeadBall@@AAEXVVector@@@Z 1002a83c f   controller.obj
 0001:00029969       ?Crawl@CControllerHeadBall@@AAEXXZ 1002a969 f   controller.obj
 0001:00029b09       ?BounceTouch@CControllerHeadBall@@AAEXPAVCBaseEntity@@@Z 1002ab09 f   controller.obj
 0001:00029bf6       _controller_energy_ball    1002abf6 f   controller.obj
 0001:00029c07       ?Spawn@CControllerZapBall@@EAEXXZ 1002ac07 f   controller.obj
 0001:00029d5e       ?Precache@CControllerZapBall@@EAEXXZ 1002ad5e f   controller.obj
 0001:00029d77       ?AnimateThink@CControllerZapBall@@AAEXXZ 1002ad77 f   controller.obj
 0001:00029e16       ?ExplodeTouch@CControllerZapBall@@AAEXPAVCBaseEntity@@@Z 1002ae16 f   controller.obj
 0001:00029f40       ?SetAttachment@CSprite@@QAEXPAUedict_s@@H@Z 1002af40 f i controller.obj
 0001:00029fa0       ?SetTransparency@CSprite@@QAEXHHHHHH@Z 1002afa0 f i controller.obj
 0001:0002a010       ?SetScale@CSprite@@QAEXM@Z 1002b010 f i controller.obj
 0001:0002a030       ?SetBrightness@CSprite@@QAEXH@Z 1002b030 f i controller.obj
 0001:0002a050       ?GetClassPtr@@YAPAVCController@@PAV1@@Z 1002b050 f i controller.obj
 0001:0002a0e0       ?GetClassPtr@@YAPAVCControllerHeadBall@@PAV1@@Z 1002b0e0 f i controller.obj
 0001:0002a170       ?GetClassPtr@@YAPAVCControllerZapBall@@PAV1@@Z 1002b170 f i controller.obj
 0001:0002a200       ??0CController@@QAE@XZ     1002b200 f i controller.obj
 0001:0002a240       ??0CControllerHeadBall@@QAE@XZ 1002b240 f i controller.obj
 0001:0002a270       ??0CControllerZapBall@@QAE@XZ 1002b270 f i controller.obj
 0001:0002a290       _crossbow_bolt             1002b290 f   crossbow.obj
 0001:0002a2a1       ?BoltCreate@CCrossbowBolt@@SAPAV1@XZ 1002b2a1 f   crossbow.obj
 0001:0002a2dc       ?Spawn@CCrossbowBolt@@EAEXXZ 1002b2dc f   crossbow.obj
 0001:0002a3ac       ?Precache@CCrossbowBolt@@EAEXXZ 1002b3ac f   crossbow.obj
 0001:0002a422       ?Classify@CCrossbowBolt@@EAEHXZ 1002b422 f   crossbow.obj
 0001:0002a42f       ?BoltTouch@CCrossbowBolt@@AAEXPAVCBaseEntity@@@Z 1002b42f f   crossbow.obj
 0001:0002a866       ?BubbleThink@CCrossbowBolt@@AAEXXZ 1002b866 f   crossbow.obj
 0001:0002a8f6       ?ExplodeThink@CCrossbowBolt@@AAEXXZ 1002b8f6 f   crossbow.obj
 0001:0002aa71       _weapon_crossbow           1002ba71 f   crossbow.obj
 0001:0002aa82       ?Spawn@CCrossbow@@UAEXXZ   1002ba82 f   crossbow.obj
 0001:0002aad8       ?AddToPlayer@CCrossbow@@UAEHPAVCBasePlayer@@@Z 1002bad8 f   crossbow.obj
 0001:0002ab30       ?Precache@CCrossbow@@UAEXXZ 1002bb30 f   crossbow.obj
 0001:0002abc2       ?GetItemInfo@CCrossbow@@UAEHPAUItemInfo@@@Z 1002bbc2 f   crossbow.obj
 0001:0002ac51       ?Deploy@CCrossbow@@UAEHXZ  1002bc51 f   crossbow.obj
 0001:0002aca4       ?Holster@CCrossbow@@UAEXH@Z 1002bca4 f   crossbow.obj
 0001:0002ad2d       ?PrimaryAttack@CCrossbow@@UAEXXZ 1002bd2d f   crossbow.obj
 0001:0002ad6b       ?FireSniperBolt@CCrossbow@@QAEXXZ 1002bd6b f   crossbow.obj
 0001:0002affd       ?FireBolt@CCrossbow@@QAEXXZ 1002bffd f   crossbow.obj
 0001:0002b375       ?SecondaryAttack@CCrossbow@@UAEXXZ 1002c375 f   crossbow.obj
 0001:0002b450       ?Reload@CCrossbow@@UAEXXZ  1002c450 f   crossbow.obj
 0001:0002b509       ?WeaponIdle@CCrossbow@@UAEXXZ 1002c509 f   crossbow.obj
 0001:0002b652       _ammo_crossbow             1002c652 f   crossbow.obj
 0001:0002b670       ?GetClassPtr@@YAPAVCCrossbowBolt@@PAV1@@Z 1002c670 f i crossbow.obj
 0001:0002b700       ?GetClassPtr@@YAPAVCCrossbow@@PAV1@@Z 1002c700 f i crossbow.obj
 0001:0002b790       ?GetClassPtr@@YAPAVCCrossbowAmmo@@PAV1@@Z 1002c790 f i crossbow.obj
 0001:0002b820       ??0CCrossbowBolt@@QAE@XZ   1002c820 f i crossbow.obj
 0001:0002b840       ??0CCrossbow@@QAE@XZ       1002c840 f i crossbow.obj
 0001:0002b860       ??0CCrossbowAmmo@@QAE@XZ   1002c860 f i crossbow.obj
 0001:0002b880       ?Spawn@CCrossbowAmmo@@EAEXXZ 1002c880 f i crossbow.obj
 0001:0002b8c0       ?Precache@CCrossbowAmmo@@EAEXXZ 1002c8c0 f i crossbow.obj
 0001:0002b8f0       ?AddAmmo@CCrossbowAmmo@@EAEHPAVCBaseEntity@@@Z 1002c8f0 f i crossbow.obj
 0001:0002b950       ??0CBasePlayerWeapon@@QAE@XZ 1002c950 f i crossbow.obj
 0001:0002b970       ??0CBasePlayerAmmo@@QAE@XZ 1002c970 f i crossbow.obj
 0001:0002b990       ??0CBasePlayerItem@@QAE@XZ 1002c990 f i crossbow.obj
 0001:0002b9b0       ?AddDuplicate@CBasePlayerItem@@UAEHPAV1@@Z 1002c9b0 f i crossbow.obj
[...]
FIXUPS: 9e178 8 32 3e 7 6 49 ffffed6a 2b 59 58 f f 5e 56 77 19 27 36 20
FIXUPS: 9d27f 6c 1e 58 14 1b fb 1cd f 14 26 1e f 24 83 21 1b8 50 5f ffffeb5b
FIXUPS: 9c582 b 17 16 20 30 7 28 6 1a 1e e 15c 42 ae 65 45 18 13a 98 c
FIXUPS: 9cb99 69 c7 8c ea 62 37 56 32 45 fffff0a9 10 10 10 10 10 10 10
FIXUPS: 9c0ce 10 10 10 10 22 14 3d 67 46 ae e1 35 c 1a 13 9 12 13 17 c
FIXUPS: 9c4db 2e 2e fffff67d 20 6 31 15 a e c1 7b 6 2c 19 b 3a 3a 3a 14
FIXUPS: 9bec9 3d 3d 4b 10 10 10 10 10 10 10 10 10 10 10 fffff69e 2b 36
FIXUPS: 9b74c d 18 f f 1a 23 7 20 6 1c 10 86 9 34 50 25 9 34 c0 8 7e 33
FIXUPS: 9bb1f a 31 13 1d 23 fffff3b3 be f0 47 dd 120 10 41 4c 9 1a 12 14
FIXUPS: 9b456 15 2d 13 10 14 c 18 e 4b 31 10 41 40 18 2d 13 10 11 fffff2cf
FIXUPS: 9a98f 18 d 1c 18 d 14 52 138 2e 49 79 54 25 26 23 45 17 e d 22
FIXUPS: 9ae88 18 d 1c 18 d 15 28 1e 12 fffff41b f 61 11 15 1f 15 f 12 1b
FIXUPS: 9a493 2a 26 13 9 b 9 24 22 13 f 27 f 12 1e 16 14a 1a aa 1c 90 7c
FIXUPS: 9982e 30 192 6 9 4e 5 93 68 b2 62 19 40 21 8 c9 9 20 b 38 53 12
FIXUPS: 99ed9 4e 1b a e b 37b 43 27 f ffffe98e 5f 8 17 78 18 10 17 13 10
FIXUPS: 98e61 184 6 e4 71 6 b8 37 52 14b 38 67 38 f6 40 7c c7 18 13 9 17
FIXUPS: 99776 ffffef8b 1e 70 2f 9e 1c 1b b 25 6 27 1a 10 9 f 10 20 14 2e
FIXUPS: 989aa 1a 52 1a 91 21 3d 22 21 3d 61 d4 b fffff42c 29 6 12 4a 64
FIXUPS: 98215 a 2e 11 26 20 66 9 104 9 18 8 8 8 8c d 3c 17 12 38 2b 3c
FIXUPS: 98648 78 30 b fffff510 34 2c 19 16 b d f 12 14 16 13 1c a b e b
FIXUPS: 97e38 73 27 2d 5c b6 6 49 9 1e f 12 16 1d 29 fffff27c a2 9 42 9
FIXUPS: 975c3 b 43 8a 6f 9 22 9 22 9 22 9 4e b 5f b ae 4e e 24 c 34 91
FIXUPS: 97b36 89 b 2c fffff366 50 28 13 15 f 8c 41 13 16 f 5e 18 28 28
FIXUPS: 971f1 46 64 c 13 c 13 c 13 c 13 c 13 c 13 c 13 fffff231 11 11 11
FIXUPS: 965e9 11 11 11 11 11 11 11 a9 8f 70 a3 ba 6d 5b 81 1e 21 8 6 9
FIXUPS: 96b18 a a0 24 32 98 d4 ffffec79 10f 37 31 13 37 31 13 33 2d 31
FIXUPS: 95cc3 30 78 14 5f 2f 35 58 16 3c 16 5d 26c 25 b7 3a 2e 29 21 170
FIXUPS: 96519 ffffee9a 22 9 57 21 34 24 1d ce 9 22 9 22 9 40 9 1e 17 1f
FIXUPS: 956b2 c5 5 19 24 a1 31 c8 1a 4a 21 6 16 b741 c 90 16 f 5f 2b4 45
FIXUPS: a158f 16a c 16 c 7f 4e 1d ffffe9f1 56 46 1a 1a 1a 203 19a 18d 175
FIXUPS: a09ca 110 ffff4847 4e 9 32 12ebc 21 5 47 417 ee 5 ffff8321 38 14
FIXUPS: a0b69 14 20 14 fa 14 1f 14 20 14 da 14 1f 14 20 14 e8 14 1f 14
FIXUPS: a0fca 14 6d46 26 5 27 e a6 18 5 33 73 5b a a 20 6f 58 9 1e 5 5
FIXUPS: a80b2 58 21 53 26 3d 5 13 7 5 53 5 ffffe99f 65 3e 6f 25e 43 9 2a
FIXUPS: a7066 6b 1a 1a 10 99 2d 82 70 49 1f 198 85 16 9 1ae 55 46 5d 65
FIXUPS: a7a19 aa 1ff 37 ffffe259 17 36 6c 120 cc 43 1e 42 f 41 50 2c 3e
FIXUPS: a664f cd 29 47 1b 11 31 53 1c 61 14 53 6a 143 13 51 38 14 ffffdc4d
FIXUPS: a4806 97 75 47 a8 a6 51 14 69 3b 2e 56 2b0 2b 137 100 7d 1e 53
FIXUPS: a5319 55 1ec f1 2f 14 74 42 f1 3dd e4 254 ffffbe99 177 7e 55 94
FIXUPS: a2116 2d 93b 20 50 e 89 20a 268 3a 426 8c 25a 169 7d b3 10b 50
FIXUPS: a3d22 14 99 4a 44 6c 1ac 140 21f 4e66 f 9 1a 14 4a f 9 1a 14 3b
FIXUPS: a936b 34 15 78 9 ffff8442 2e 2b 73 14 33 14 20 c4 82 62 3a 84 c4
FIXUPS: a1d07 54 6b7c 73 22 119 39 37 1a1 9 84 a8 28 6 2a 17 9 8 3f b e
FIXUPS: a8eb1 14 4d 4d 2c b5 43 1b 44 9 15 34 e2 103c 3f 7b 27 8 10 f 6
FIXUPS: aa396 103 31 f 9 1a 14 3b ffffef1d ad 20 1b f d 51 bd f 9 1a 14
FIXUPS: a96fb fffff0fd 11 b4 14d8 18 c c 2d 1c 13 20 6 12 1e 3f 59 8 2b
FIXUPS: a9fd1 68 13 27 7 5a 4b 9 1a 29 7 24 8 11 20 35 23 fffff550 13 2c
FIXUPS: a97c9 21 17 d a 1d 9c 20 24 15 d 99 139 9 35 9 1e 15 27 1a 10 f
FIXUPS: a9be9 44 53 76 26 a 31 1bd3 13 2d f 9 1a 14 4a f 9 1a 14 4a f 9
FIXUPS: ababc 14 4a f 9 1a 14 3b 20 20 20 34 15 a0 9 ffffda2b 57 1d67 30
FIXUPS: ab50d 7 9 31 e 5 1e 25 18 16 57 2e 17 33 68 24 13 51 43 32 2c 3d
FIXUPS: ab88d 2a 11 8 16 17 d a fffff530 5 16 31 7 60 9 22 7 25 7 51 18
FIXUPS: ab00e 57 5 2e e 22 43 53 4d d ec 1a 5b 1f 4b e9 18 1a 1c fffff3a6
FIXUPS: aa8ba 34 92 6 f 93 9 10 16 bd 8 8 12 32 23 22 36 19 f 24 62 30
FIXUPS: aad11 25 7 59 31 7 35 1d 19 1d22 10 20 10 e 31 f 9 1a 14 4a f 9
FIXUPS: acc9c 14 3b 20 ffffd85d 11 10 39 13 87 20 b2 10 13 6a 58 1b f d
FIXUPS: ac545 1f 12 71 9 a0 27 28 1d 62 14 14 2e 45 2b 7 9 e f f 97 47
FIXUPS: ac952 21 66 36 b8 8 14 21 22 26 fffff2a9 d 16 97 2b c 14 13 10
FIXUPS: abf47 30 3c 25 1b 2d 55 30 10c 9 22 9 22 9 13 44 1c 89 22 5b 145
FIXUPS: ac4eb 22 28a8 9 62 9 c1 f 9 1a 14 4a f 9 1a 14 4a f 9 1a 14 4a
FIXUPS: af0a9 9 1a 14 3b 20 40 30 ffffcb9d 25 4c 24 2900 15 d ee 35 26
FIXUPS: ae86d 11 6a a 12 29 b 8 8b 1c 6a 66 f b 5f b 8 dc 48 27 52 17 33
FIXUPS: aed37 2e 2a fffff3f5 c 27 19 21 19 26 34 33 12 1a 37 25 b 9 8 25
FIXUPS: ae3c2 13 24 12 2b bc 49 18 47 2f 19 20 84 20 20 fffff501 20 9 58
FIXUPS: adc63 1c 46 47 39 7e 10 74 23 14 14 26 74 16 60 15 1b 3b 3b 1e
FIXUPS: ae075 15 18 1a 41 c 12 2b fffff25e 15 1c b 6 20 1f fa 6b 4e 20
FIXUPS: ad61c 15 d 6b 14f 8 15 221 28 8b 20 9 10 20 9 10 20 9 d 20 9 fffff447
FIXUPS: ad009 d 15 2c 63 45 b 7 15 10 2d c e 56 c 1a 1f e c 21 7 21 19
FIXUPS: ad29b 23 3b 7 b 18 8 6f 429f 9 1a 14 4a f 9 1a 14 3b 20 20 40 20
FIXUPS: b17fb ffffb53d 18 47 2f 19 20 22 15 1f 58 11 6a 13 3f 48 d 8 3d79
FIXUPS: b0d7d 132 5d 24 1c 54 9 22 1c 102 17 9 7d 33 2f 2c 2e 34 88 33
FIXUPS: b1368 92 17 74 95 80 f 9 1a 14 4a fffff1a5 4a 8 6c 8 12 12 10 7
FIXUPS: b0946 72 7d 18 2c 47 2f 19 20 12 1d 40 40 13 2c 13 2c 13 2c 13
FIXUPS: b0cd6 13 2f fffff4fc 15 14 16 9 14 45 8 49 6 25 18 9 25 35 21 18
FIXUPS: b03fc 78 3b 36 58 2b 3e 16 32 22 b 3f bc 57 48 fffff287 26 6 12
FIXUPS: afaa1 9 19 69 14 1e 1d 112 30 27 b4 f 71 67 1e f 5a 71 1f 7b 66
FIXUPS: b0097 4a 1b 1a 47 5e 34 fffff261 13 3e 13 2c 13 29 13 24 19 47
FIXUPS: af5e2 19 20 12 11 11 38 19 89 49 5d 12 58 8a 40 1c 73 42 2a 1e
FIXUPS: afa2e 2eb5 35 32 f 9 1a 14 4a f 9 1a 14 3b 20 34 15 78 9 ffffc68f
FIXUPS: af214 40 40 40 40 40 13 2c 13 2c 13 2c 13 2e9d b e e 1a 4c 59 2e
FIXUPS: b23ec 26 73 47 1d 14 14 29 69 9 3b 9 1c 14 9a 64 9 15 ed 9 15 30
FIXUPS: b2899 2d fffff387 9 d a9 5a b e e 17 5b b e e 1a 4c 59 2e 17 26
FIXUPS: b1f69 7e e1 2d 1a 9 d a9 5a b e e 17 49f3 9 1a 14 4a f 9 1a 14
FIXUPS: b6d5b 20 20 20 20 20 20 ffffc11f fffffc41 11 13a e8 78 66 ffffe9ac
FIXUPS: b186d 22 f9 1a eb 12 8a 10a 491a 9 54 18 47 2f 19 20 4c 10 93 1c1
FIXUPS: b692a b 22 9 fb 10 30 13 24 58 f 9 1a 14 4a f 9 1a 14 4a ffffee2f
FIXUPS: b5a8e 10 35 dd 75 75 c1 4f 14 20 49 42 47 32 2f 4c 95 5c 58 44
FIXUPS: b60f6 1a 21 77 10 240 6f 66 9 28 9 ffffeec1 1b 10 5d 43 32 2b 32
FIXUPS: b5555 2b 26 33 37 19 15 10 12 2f 1e 16 13 5a 6e 98 58 2a 25 41
FIXUPS: b5965 2a 82 4d fffff25e 4b 10 49 10 40 39 11 78 18 47 2f 19 20
FIXUPS: b4f57 13 29 38 22 30 17 33 c 11 23 51 167 10 15 10 111 13 fffff4f3
FIXUPS: b4909 13 5b 13 56 12 18 47 2f 19 20 1e 13 27 13 2e 1f 9 18 9 8
FIXUPS: b4bab d 13 2f 19 42 1d 15 9 15 fffff519 27 9 b 33 8 5e 4b 9 31
FIXUPS: b432a 2c 13 2c 13 61 13 61 17 96 17 96 13 73 17 96 17 96 13 45
FIXUPS: b4822 76 ffffe7b7 d1 10 ae 8e 10 28 5f 5b 79 9 87 1ad 27 9 14e
FIXUPS: b37b9 9 c8 41 1cc 41 9 39 2a0 16f 45 32 9 199 27 9 44d4 45 ffffef6f
FIXUPS: b760c 24 45 1e c0 fffff6e5 106 a6 3f 14 b 1b 141 de 5d 190 31 f
FIXUPS: b74b2 1a 14 3b 17 29 ffffba2d 18 47 2f 19 5306 27 10 1e b 27 26
FIXUPS: b83f8 16 1b 16 19 15 16 24 2a c 12 9 8 13 1c 24 10 11 27 17 12
FIXUPS: b85e9 10 27 1f fffff9de 9 b 12 a d 12 a 1b 1c 1a 2e 3a 15 13 25
FIXUPS: b81a0 16 8 8 8 8 8 11 2d 21 d 9 40 19 45 19 fffff87b 3f 2c 2b 1b
FIXUPS: b7c49 12 1c 9 12 2e 1c 10 2e 35 2a 20 31 2c 28 36 2a 62 50 1d 13
FIXUPS: b7f6c 22 1f 6 1f 2a 203f e e 34 ffffd724 47 2f 19 20 17 16 23 ab
FIXUPS: b7965 3f 13 8 10 7 10 17 29 19 14 c 33 19 14 39 1a 12 22 1feb 10
FIXUPS: b9b47 41 49 11 22 3a 7 60 9 29 9 6f 17 30 7f 22 30 22 2d 1d 57
FIXUPS: b9f39 9 1a 14 4a f 9 1a 14 fffff5b4 20 9 1d 20 9 d 20 9 1e 1d 28
FIXUPS: b96f1 15 9c 10a 9 26 9 33 12 4f 9 b6 b 8 59 1c 7 d 33 10 fffff404
FIXUPS: b8f92 9 21 53 19 49 21 20 2d 46 24 7 45 2f 12 66 7 8b 58 c 17 c0
FIXUPS: b9432 1c 26 12 10 18 29 20 9 fffff38e 15 d 16 10c 12 25 ee 9 1e
FIXUPS: b8b43 11 23 13 29 e 12 7 1a 31 9 4a 15 48 b6 b3 8 15 16 23 14 15
FIXUPS: bbb99 9 1a 14 4a f 9 1a 14 4a f 9 1a 14 4a f 9 1a 14 3b 20 20 20
FIXUPS: b86a8 18 47 2f 19 20 4e 1f 8e 2d94 b 9 21 1f 9 2b b 9 1b 9 b 63
FIXUPS: bb756 3c 29 79 9 19 9 8 d 13 35 91 121 9 21 9a 25 9 2a fffff558
FIXUPS: bb0ee c7 7 b c 6e 7 b c d dc b c 21 18 f 9 2b 3b 9 b 31 10 a7 1a
FIXUPS: bb554 3e c 18 9 8 fffff55e 9 e 15 34 9 c 24 47 2f 19 20 1e 13 2c
FIXUPS: bacdd 2c 3d 13 24 60 108 20 31 44 3b 1e 9 8 9e 4e 7 fffff3bf 19
FIXUPS: ba4cf 1e 13 29 38 1f 34 f3 91 1d 5c 20 5f 5d 15 10 20 39 96 64
FIXUPS: baa1a 34 20 9 53 9 15 9 16 9 38bf 8 27 73 10 10 43 2e 44 40 40
FIXUPS: be603 38 ffffba9f 1d 11 11 11 11 11 1d 3b 23 10b 9 14 9 a1 13 45
FIXUPS: ba420 47 37f1 6 d 17 6 87 12 4d 2e 18 1bc 31 15 44 1f 7 2e 2b 1e
FIXUPS: be123 11 13 53 a6 15 82 10 e e 38 e 23 fffff18d 39 a 15 4a f 1a
FIXUPS: bd5ed 53 db b 8 52 1a 87 11 79 11 83 11 83 11 6b 6d 5e 1b 46 26
FIXUPS: bdbae 43 24 2a fffff2dd 35 35 35 35 35 35 35 64 15 8 8c 96 7 21
FIXUPS: bd26d 26 7 26 7 75 1a 1a 26 16 8 17 de 10 f 6 19 fffff399 29 6b
FIXUPS: bc92d 68 80 74 2b 47 12 39 b 7 45 43 48 11 c 18 35 35 35 4a 13
FIXUPS: bcda3 13 4a 13 35 35 35 35 fffff74a 12 f a 21 7 1b c 8 d 12 12
FIXUPS: bc6f3 14 8 24 c 8 16 a 12 12 f e e 59 b c 10 8 1d 1d fffffa22 c
FIXUPS: bc2b0 16 13 24 c 2d 16 30 a 12 c e b6 29 a 2d 7 15 f 24 1b 20 33
FIXUPS: bc58d 11 23 20 15 a 1f 335c 65 e ffffc481 47 2f 19 20 22 15 20
FIXUPS: bbf90 18 44 8 d 8 d 8 d 8 34 34 b b 8 e4 15 8 45 55 29 2ec2 1e
FIXUPS: bf170 36 13 19 13 2e 30 4e 44 c 9 15 6 37 2a a 6d 8c 28 4d d4 b3
FIXUPS: bf6a3 100 1a 4b 1e 39 42 ad fffff263 11 6a d 29 22 20 38 b 10 3f
FIXUPS: bed81 10 e 51 3e 9 4a 1a 2e 2a 3b 21 95 2b 1c 32 2c 13 43 1d 30
FIXUPS: c1bca f 9 1a 14 3b ffffcab2 2e 14 2c a 52 1c f 27 36 11 48 ad 32
FIXUPS: be9ba 43 1e 2a 24 10 30 2c d 68 18 47 2a33 10 16 10 9 5c 13 19
FIXUPS: c16b3 9 14 61 9 35 9 33 c 14d 2a 24 15 d a7 2e 13 33 13 98 f 9
FIXUPS: c1b6c 14 fffff3ff a 8c 30 42 138 8 15 6c 9 3e 9 3b 9 6d 2a 15 17
FIXUPS: c13b8 9 b 87 9 3d 9 3a 9 5c 10 16 10 9 fffff32f 14 86 9 59 2a 11
FIXUPS: c09ff 11 b2 61 a0 12 b b b 19 19 24 20 10 a e 19 19 27 20 10 a
FIXUPS: c0d60 29 19e ffffecda 76 a8 1b7 e 42 13 2f 13 24 6b 125 ac 39 d
FIXUPS: c0237 22 10 36 75 7 10 7 2f 4d 2a 313 73 2c 64 7a 2b 11268 20 20
FIXUPS: d1b5b 20 20 20 20 20 20 20 20 20 20 20 20 20 20 20 20 20 20 20
FIXUPS: bfa48 18 47 2f 19 20 ac 24 15 11a47 40 20 20 50 70 20 e e 24 20
FIXUPS: d181b 20 20 20 20 20 20 20 20 20 2a 46 20 20 26 2a 20 20 20 20
FIXUPS: d1adb fffff7ae 9 1a 14 4a f 9 1a 14 4a f 9 1a 14 4a f 9 1a 14 4a
FIXUPS: d14c9 9 1a 14 3b 20 20 20 20 20 20 20 fffff8b5 4a f 9 1a 14 4a
FIXUPS: d0fb9 9 1a 14 4a f 9 1a 14 4a f 9 1a 14 4a f 9 1a 14 4a f 9 1a
FIXUPS: d1230 4a fffff8c8 1a 14 4a f 9 1a 14 4a f 9 1a 14 4a f 9 1a 14
FIXUPS: d0d6a f 9 1a 14 4a f 9 1a 14 4a f 9 1a fffff90e f 9 1a 14 4a f
FIXUPS: d0872 1a 14 4a f 9 1a 14 4a f 9 1a 14 4a f 9 1a 14 4a f 9 1a 14
FIXUPS: d0b2a f fffff8d3 14 4a f 9 1a 14 4a f 9 1a 14 4a f 9 1a 14 4a f
FIXUPS: d0632 1a 14 4a f 9 1a 14 4a f 9 1a 14 fffff909 9 1a 14 4a f 9 1a
FIXUPS: d0150 4a f 9 1a 14 4a f 9 1a 14 4a f 9 1a 14 4a f 9 1a 14 4a f
FIXUPS: d03f2 fffff89a 2c 7 7 65 53 2c f 9 1a 14 4a f 9 1a 14 4a f 9 1a
FIXUPS: cff10 4a f 9 1a 14 4a f 9 1a 14 4a fffff377 29 d3 a 68 46 e2 39
FIXUPS: cf6dd 17 2e 23 18 18 1a 7 10 e 47 b a c 152 27 45 a2 e4 9 8 15
FIXUPS: cfc0a 42 ffffefba 25 18 47 2f 19 20 51 59 68 4b d9 46 18 47 2f
FIXUPS: cf015 20 c4 13 2c 40 13 2c 13 29 38 25 6c 18 c0 e fffff104 13 24
FIXUPS: ce4f1 1e 56 18 49 5f 26 a2 18 d9 18 47 2f 19 20 1e 38 3d 30 96
FIXUPS: cea16 47 2f 19 20 1e 38 32 66 fffff33a 1d 42 6 2a 1d 1d 39 11 6
FIXUPS: ce01f 12 18b 11 6 2a 1d 1d 50 18 47 2f 19 20 1e 40 13 2c 13 2c
FIXUPS: ce46a 13 fffff45c b c 11 12 194 11 6 2a 1d 1d 69 6 2a 1d 1d 45
FIXUPS: cdc56 b b 11 6 22 1c b c 11 12 194 11 6 2a fffff51f 1d 1d 3b b
FIXUPS: cd480 6 18 f 11 12 194 11 6 2a 1d 1d 72 14 21 2f 1d 1d 3b 19 1c
FIXUPS: cd86a b 11 6 18 19 fffff71d 6 2a 1d 1d 48 1d 1d 40 37 14 a b 11
FIXUPS: cd17d 19 38 14 a c 11 12 68 11 6 2a 1d 1d 24 69 14 21 fffff86a
FIXUPS: ccc5c 14 c 11 f 59 11 6 2a 1d 1d 48 1d 1d 59 14 19 1c b b 11 6
FIXUPS: ccef3 14 19 1c b 9 11 f 59 fffff8b1 1d 59 14 1a 1c b b 11 6 32
FIXUPS: cc9ad 1a 1c b 9 11 f 59 11 6 2a 1d 1d 2d 4e 1d 1d 54 14 b 11 fffff71b
FIXUPS: cc386 2f 19 20 49 15 73 62 27 2a 66 1d 1d 55 14 b 11 6 32 14 c
FIXUPS: cc700 f 59 11 6 2a 1d 1d 2d 4d ffffef9c 79 74 a1 74 16 92 6 6f
FIXUPS: cbc46 f7 19 a1 2a 1b a 1a 6e 10 a9 6 19 13 1a 6e 10 e4 6 e9 6 6f
FIXUPS: cc327 ffffeda5 19 20 1e 38 3d 26 32 12 18 47 2f 19 20 1e 40 13
FIXUPS: cb366 40 13 2c 40 13 2c 3d 13 24 3b 12b 10e 16 8f fffff31e 10 1d
FIXUPS: cab51 b 19 9 26 7 2a a 1a 3d ff 15 11 2c 17 2b 33 23 6d 30 17 93
FIXUPS: caf87 3b 12 14 56 18 47 fffff58d 2d 55 7 45 21 23 7 17 1d a 81
FIXUPS: ca817 2a 11 2a 1b 20 14 5b 1b 2e 33 2c 9 18 10 71 26 11 16 49 fffff483
FIXUPS: c9fa9 1b 22 6a 16 44 16 29 12 9e 3b 44 48 2d 62 2c 5e 80 2e 1c
FIXUPS: ca472 20 30 1a 30 1e 51 18 2c 1c 2d fffff347 19 11 19 57 18 cd
FIXUPS: c9afb 18 47 2f 19 20 1e 3d 38 20 19 43 4a f 2e 3f 26 12 43 24 57
FIXUPS: c9ed4 2b 67 18 fffff3f9 19 f 1e c 6d 15 6a 22 1a 1c 3c 59 18 1d
FIXUPS: c95ea 1f 1c 13 29 1b 31 28 48 48 14 83 b6 1a 2c 12 19 fffff542
FIXUPS: c8e85 20 17 35 39 31 13 34 23 3d 13 24 20 2b 33 1c 38 2c 1c 1d
FIXUPS: c9183 12 35 2a 65 1c 42 75 6 1a 18 fffff563 5e 18 2a 2f 17 c 30
FIXUPS: c8a17 2c 23 2e 2a 15 1d 13 8 21 74 24 9 ce 9 12 50 3d 5f 9 13 18
FIXUPS: c8e1d 2f fffff626 47 2f 19 20 12 1a 2a 21 2b 15 18 49 1e 16 f 12
FIXUPS: c86ad f 28 36 15 18 47 2f 19 20 1e 3d 38 15 7 fffff711 17 3d 6
FIXUPS: c8029 13 1f 13 2a 69 51 7 1b 29 6 c 13 37 3a 12 3a 1d 2d 35 38
FIXUPS: c833f 15 12 9 43 88 21 fffff4c5 18 8f 66 36 40 56 32 13 10 18 b
FIXUPS: c7b79 2f 2a 3e 91 4a 11 18 47 2f 19 20 93 33 f 26 15 28 15 13 fffff2ad
FIXUPS: c7226 15 1f 94 ee 75 ba 12 ac 47 8 8 8 8 6c 7 36 2a 53 14 9 f 39
FIXUPS: c77c2 3c 7 24 19 48 14 29 fffff15a 18 18 c4 14 d 76 3a 14 d 49
FIXUPS: c6cc7 1b c 130 3b 44 7a 4e 47 4e 39 13 23 10 47 52 1f 13 32 13
FIXUPS: c71bd ffffeecb 2c 13 2c 13 2c 13 2c 13 29 13 24 71 47 1d 6d 1c
FIXUPS: c636f 27 1c 28 a1 106 8 57 1e 54 18 18 18 211 76 fffff193 18 e
FIXUPS: c5b9f d9 89 18 47 2f 19 20 1e 13 2c 13 2c 40 13 2c 13 2c 13 2c
FIXUPS: c5f74 2c 13 2c 13 2c 13 2c 18 fffff31e 41 47 2f 19 20 33 c 5e 28
FIXUPS: c5558 3c 1e 9 21 1a 1e 47 32 32 32 32 32 1d 3b 21 2a 27 2d 97 14e
FIXUPS: c5aa5 fffff042 8 21 78 45 5d 40 77 2c 5d 2d 5d 2d 5c 2c 5d 2d 5d
FIXUPS: c4fbd 5c 2c 5d 2d 5d 2d 5c 2c 5d 2d 5d 2d 70 ffffed7a 56 32 1a
FIXUPS: c433b 12 11 18 47 2f 19 20 26 13 8 2c da ed 24 4b 92 12 38 12 5d
FIXUPS: c49f6 47 2f 19 20 12 1d ffffe397 43 43 13 2f 17 f0 35 a4 12 3d
FIXUPS: c331e 5f 173 1d0 a dd 20 f5 1f b5 20 1c0 1b6 1f 25 2d c4 1e 94
FIXUPS: c406a 65 ffffe7f8 15 18 47 2f 19 20 2d 2c 2c 2c 103 7 a c 1a 16
FIXUPS: c2c06 7 a c 94 18 47 2f 19 20 26 13 2f 13 2f fffff22b 24 2c 1c
FIXUPS: c20d2 18 47 2f 19 20 20 40 40 17 8c 3c 32 50 33 a8 7c 44 7b 77
FIXUPS: c26b2 57 1f 28 9b 4c 25 2c 10a51 e e e 28 31 13 33 13 fffee8b3
FIXUPS: c1c80 47 2f 19 20 42 86 13 2a 12 18 47 2f 19 20 20 40 13 5d 16
FIXUPS: c1ffe 2d 10e37 1a 10 a 41 2b 37 c 11 19 10 b 5a 3d 17 28 27 76
FIXUPS: d311f 2d 1d 51 f 9 1a 14 4a f 9 1a 14 3b fffff5ce 4a 7b 1c 3c 57
FIXUPS: d2a16 1a 8 10 1d 13 18 13 6 11 10 37 55 38 15 d 34 e1 12 ac 9 6d
FIXUPS: d2dff 30 12 8 fffff6c9 b 3c 61 e 24 9 3f 25 10 1e 4e 7 13 9 d 14
FIXUPS: d272c 1a 13 10 1c 1f 1f 17 f 12 17 27 1b 15 1b fffff7d3 20 9 27
FIXUPS: d20e3 13 9c 11 40 20 16 1b 16 6 9d 15 11 33 3c 9 19 9 77 1b 18
FIXUPS: d246c 18 1e 9 19 9 2c 3fb3 14 4a f 9 1a 14 4a f 9 1a 14 3b 60 20
FIXUPS: d66bb e e e ffffb6f3 18 47 2f 19 20 4b 45 27 18 d 16 bd 3e82 e
FIXUPS: d5eec a 41 9 22 9 22 9 12c 8f 75 9 32 9 22 9 1e 9 f e c 38 30 8
FIXUPS: d6307 3b ca 6e f 9 ffffeef5 9 1e 9 35 58 158 9 3b d 42 d 1a 17
FIXUPS: d570f 4e f5 16c 18 72 1a4 2a 77 14 8d 20 49 61 46 28 d 52 ffffee31
FIXUPS: d4d61 9 82 34 9 20 9 e4 5f a 74 12 25 e 34 e fe 17 20 12 25 e 34
FIXUPS: d5256 2b 9 22 75 9 32 9 fffff4e7 b e e a 41 9 22 9 22 9 47 28 1d
FIXUPS: d49b2 13 67 34 1d 16 7a 18 40 21 9 13 39 57 41 15 2c 39 fffff4cb
FIXUPS: d41fb 85 56 9 19 23 17 13 19 19 16 d c 7d 68 f f 24 4c 8 15 d 31
FIXUPS: d4785 28 b e e a 1d 9 fffff08a 100 20 49 3e 46 28 d 23 29 a f 30
FIXUPS: d3be0 20 49 3e 46 28 d 30 a9 e 14f 22 ee 9 78 71 22 23 22 70f6
FIXUPS: db2ce 9 68 ffff8100 47 2f 19 20 19 47 2f 19 20 12 11 1d 13 2c 13
FIXUPS: d3674 13 2c 13 2c 18 18 18 18 1f 103 c 7372 a7 b4 18 c 19 13 f
FIXUPS: dae49 35 3b 29 e f 17 23 26 1c 20 3f 59 44 7b 38 24 4c 3d 28 1c
FIXUPS: db263 c e fffff266 39 2c 2c 2c 2e 2c 29 2d 9b e 5e 10 1b 2b e 64
FIXUPS: da85f 15 9a 116 33 6d 12 2c 12 46 43 12 c c 19 fffff23e 20 13 3d
FIXUPS: d9e97 10 10 17 8 13 36 2e 1f 42 13 6a 59 20 27 8f 2b 99 3f 7d 55
FIXUPS: da35b 2c a9 2d 2d 2a 23 fffff1da 22 9 44 31 14 7 17 17 a 16c 21
FIXUPS: d993d 16 c 1bb 37 7f 57 23 24 24 17 8 13 49 25 13 4b 1f 3b 13 fffff081
FIXUPS: d8e87 13 19 8 2a a 10 36 3c 98 3c c8 6c 3e 8d d7 9 19 f 1c 40 47
FIXUPS: d93f6 9 1a 16 a bd 36 4a b2 ffffeec0 5c 92 19 6b 16 b8 19 2f a
FIXUPS: d8831 6d a f4 4b 13 2a 1f 5b 2f 6b c7 57 73 a 4a 34 a 52 a 4b 51
FIXUPS: d8014 10 4a 19 34 9 29 9 2d 9 23 9 1a d 11 11 10 74 12 9 a 1a 17
FIXUPS: d8296 d 45 9 67 f 13a 21 8 fffff4be 44 10 ac 2f 13 2c 10 35 c 34
FIXUPS: d7b9c c1 23 23 2c 1b 2e 30 5d 1d 1d 88 90 10 b 33 b 35 20 20 20
FIXUPS: d74b3 1b a 1a 1b 1d 2e 22 7 5a 1d 18 1e 27 1e 86 1e 6b 15 36 59
FIXUPS: d782f 8 34 f 10 59 42 16 17 14 11 fffff28c 12b 16c 51 18 1a 10
FIXUPS: d6f4c 2d 14 2c 194 42 2d 6e 2d 2f 17 c 2a 21 18 2d 78 29 26 13
FIXUPS: d742d a 1d 23 23 4865 19 7 26 5d 2d ffffa9c2 23 2d 8 5 b 13 55
FIXUPS: d686a 24 13 10 39 9 12 15 e 148 35 86 16 9 24 14 5f 9 4bbc 14 14
FIXUPS: db7ea 7 14 7 19 34 9d 32 7 1b 17 12 7 31 5e 7 18 23 20 1a 17 27
FIXUPS: dbae0 43 7 1b 7 6f 13 35f4 1a 14 3b ffffc179 f a 18 a 18 a 18 a
FIXUPS: db432 143 18 1d 7 11 11 27 e 43 7 1c 29 18 6b 1b 1d 10 1d 3502
FIXUPS: decc8 2f 19 20 19 47 2f 19 20 19 47 2f 19 20 19 47 2f 19 20 19
FIXUPS: defe8 2f 19 20 19 47 2f 19 20 92 f fffff0c0 1a 1a 89 18 47 2f 19
FIXUPS: de3fd 3e 1d 81 14 7b 8e 1a 111 6 19 1e 11c 4d 24 33 47 2e 12c 86
FIXUPS: deb78 13 33 13 fffff066 4d 50 9 da 15 d 16 6b 7c 9 80 86 49 c 9
FIXUPS: de04c 13 18 c 9 b 3e 9 b9 1d 1d 1d 1d 1d 1d 1a ffffee46 1b c 41
FIXUPS: dd144 ad 83 1b8 44 3b 41 60 1a 41 6 14 6 10f ee 28 14f 21 9 73
FIXUPS: dd9e1 43 16 33 82 5a 22 1d ffffed65 5c 11 f d 6f 3d 9 25 45 9 5b
FIXUPS: dcb53 ad 49 b6 51 9 2e 13 20 24 13 10 33 81 19 2c 88 53 13 40 fffff445
FIXUPS: dc47a d d d d d d d d d d d d d d 21 158 38 19 47 2f 19 20 19 47
FIXUPS: dc838 19 20 23 13 33 fffff775 43 18 18 23 13 23 d 10 d 13 d 14
FIXUPS: dc183 e5 7e 25 9 28 48 1c 10 2a 14 17 d d d d d d d 406d 13 38
FIXUPS: e052b 35 13 30 27 f 9 1a 14 4a f 9 1a 14 4a f 9 1a 14 3b 20 30
FIXUPS: dbedd 46 72 8 8 65 32 3d99 73 20 e 22 1e ad 131 43 35 3c 13 2f
FIXUPS: e019d 53 13 32 43 13 47 13 3a 13 42 43 13 42 13 28 13 38 13 fffff41d
FIXUPS: df8f8 2d 21 3f 50 2f 18 50 34 22 25 32 13 14 e 8 16 e 8 11 18 be
FIXUPS: dfc71 c 37 5 5 5 5 5 59 fffff60b 1d 13 18 13 6 10 66 25 4a 10 1d
FIXUPS: df4b7 18 13 6 c 18 38 12 1c 59 12 2f c8 9 5e 1f 25 64 8e 32 252f
FIXUPS: e1dec 14 4a f 9 1a 14 4a f 9 1a 14 3b 20 20 20 20 20 30 30 20 30
FIXUPS: e20cb 20 20 ffffd139 f e 53 21 4c 2626 a 3e 90 6d 5e f 9 1a 14
FIXUPS: e1b7a f 9 1a 14 4a f 9 1a 14 4a f 9 1a 14 4a f 9 1a 14 4a f fffff909
FIXUPS: e16e9 15 d 28 17 15 d f 1c b 14 b 14 b 14 b 14 b 25 17 18 d b 8
FIXUPS: e189c 9 10 39 22 a 18 fffff8aa 13 b6 11 15 f 5c 9 5e e c 10 43
FIXUPS: e1467 17 65 9 11 1a 1f 8 21 30 1c a 23 4b 20 36 11 11 11 fffff5e4
FIXUPS: e0cad 4e 43 26 21 15 d 69 56 3b 10 9b 2a 18 47 2f 19 20 2b 54 15
FIXUPS: e10de d 53 c 10 14 13 1d 6 23 fffff6e2 3c 12 18 47 2f 19 20 2b
FIXUPS: e0a2d 15 d d 5f 13 b 2a 12 12 12 11 a f 3e 1a 2d 8 26 8 18 3e d
FIXUPS: e2682 45 9 1c 12 e 44 13 59 9 45 9 1c e 4e 20 24 15 d 6b 1c8 a6
FIXUPS: e2bd9 9 1a 14 3b ffffdb94 47 2f 19 20 189a 91 7 13 9 c 1d 13 13
FIXUPS: e2288 67 9 56 9 63 9 4e 9 44 e 51 13 59 9 45 9 1c 12 e 51 13 59
